
> @gati/monorepo@0.1.0 test
> vitest

node.exe : [33mThe CJS build of Vite's Node API is deprecated. See 
https://vite.dev/guide/troubleshooting.html#vite-cjs-node-api-deprecated for more 
details.[39m
At C:\nvm4w\nodejs\npm.ps1:29 char:3
+   & $NODE_EXE $NPM_CLI_JS $args
+   ~~~~~~~~~~~~~~~~~~~~~~~~~~~~~
    + CategoryInfo          : NotSpecified: ([33mThe CJS bu...e details.[39m:St 
   ring) [], RemoteException
    + FullyQualifiedErrorId : NativeCommandError
 

[7m[1m[34m DEV [39m[22m[27m [34mv1.6.1[39m [90mC:/Users/HP/Projects/gati[39m

[90mstdout[2m | tests/unit/cli/plugins/aws-eks.test.ts[2m > [22m[2mAWS EKS Deployer[2m > [22m[2mshould perform dry-run deployment[22m[39m
Dry run - templates generated successfully
VPC template length: [33m8636[39m
Cluster template length: [33m3537[39m

[90mstdout[2m | tests/unit/cli/plugins/aws-eks.test.ts[2m > [22m[2mAWS EKS Deployer[2m > [22m[2mshould deploy using quick deploy function[22m[39m
Dry run - templates generated successfully
VPC template length: [33m8636[39m
Cluster template length: [33m3537[39m

 [32mΓ£ô[39m tests/unit/cli/plugins/aws-eks.test.ts [2m ([22m[2m25 tests[22m[2m)[22m[90m 99[2mms[22m[39m
 [32mΓ£ô[39m tests/unit/runtime/handler-engine.test.ts [2m ([22m[2m17 tests[22m[2m)[22m[33m 328[2mms[22m[39m
[90mstderr[2m | tests/unit/runtime/module-loader.test.ts[2m > 
[22m[2mModuleLoader[2m > [22m[2mregister[2m > [22m[2mshould register a 
module[22m[39m
SQLiteTimelineStore failed to initialize, falling back to JSONTimelineStore: 
Error: better-sqlite3 is not installed. Please install it or use 
JSONTimelineStore.
    at new SQLiteTimelineStore [90m(C:\Users\HP\Projects\gati\[39mpackages\runti
me\src\timescape\timeline-store.ts:30:19[90m)[39m
    at 
[90mC:\Users\HP\Projects\gati\[39mpackages\runtime\src\global-context.ts:107:18
    at Module.createGlobalContext [90m(C:\Users\HP\Projects\gati\[39mpackages\ru
ntime\src\global-context.ts:112:7[90m)[39m
    at 
[90mC:\Users\HP\Projects\gati\[39mtests\unit\runtime\module-loader.test.ts:20:12
    at [90mfile:///C:/Users/HP/Projects/gati/[39mnode_modules/[4m.pnpm[24m/@vi
test+runner@1.6.1/node_modules/[4m@vitest[24m/runner/dist/index.js:135:14
    at [90mfile:///C:/Users/HP/Projects/gati/[39mnode_modules/[4m.pnpm[24m/@vi
test+runner@1.6.1/node_modules/[4m@vitest[24m/runner/dist/index.js:60:26
    at [90mfile:///C:/Users/HP/Projects/gati/[39mnode_modules/[4m.pnpm[24m/@vi
test+runner@1.6.1/node_modules/[4m@vitest[24m/runner/dist/index.js:700:59
    at Array.map (<anonymous>)
    at callSuiteHook [90m(file:///C:/Users/HP/Projects/gati/[39mnode_modules/[4
m.pnpm[24m/@vitest+runner@1.6.1/node_modules/[4m@vitest[24m/runner/dist/index.j
s:700:47[90m)[39m
    at callSuiteHook [90m(file:///C:/Users/HP/Projects/gati/[39mnode_modules/[4
m.pnpm[24m/@vitest+runner@1.6.1/node_modules/[4m@vitest[24m/runner/dist/index.j
s:694:10[90m)[39m

[90mstderr[2m | tests/unit/runtime/module-loader.test.ts[2m > 
[22m[2mModuleLoader[2m > [22m[2mregister[2m > [22m[2mshould 
auto-initialize if configured[22m[39m
SQLiteTimelineStore failed to initialize, falling back to JSONTimelineStore: 
Error: better-sqlite3 is not installed. Please install it or use 
JSONTimelineStore.
    at new SQLiteTimelineStore [90m(C:\Users\HP\Projects\gati\[39mpackages\runti
me\src\timescape\timeline-store.ts:30:19[90m)[39m
    at 
[90mC:\Users\HP\Projects\gati\[39mpackages\runtime\src\global-context.ts:107:18
    at Module.createGlobalContext [90m(C:\Users\HP\Projects\gati\[39mpackages\ru
ntime\src\global-context.ts:112:7[90m)[39m
    at 
[90mC:\Users\HP\Projects\gati\[39mtests\unit\runtime\module-loader.test.ts:20:12
    at [90mfile:///C:/Users/HP/Projects/gati/[39mnode_modules/[4m.pnpm[24m/@vi
test+runner@1.6.1/node_modules/[4m@vitest[24m/runner/dist/index.js:135:14
    at [90mfile:///C:/Users/HP/Projects/gati/[39mnode_modules/[4m.pnpm[24m/@vi
test+runner@1.6.1/node_modules/[4m@vitest[24m/runner/dist/index.js:60:26
    at [90mfile:///C:/Users/HP/Projects/gati/[39mnode_modules/[4m.pnpm[24m/@vi
test+runner@1.6.1/node_modules/[4m@vitest[24m/runner/dist/index.js:700:59
    at Array.map (<anonymous>)
    at callSuiteHook [90m(file:///C:/Users/HP/Projects/gati/[39mnode_modules/[4
m.pnpm[24m/@vitest+runner@1.6.1/node_modules/[4m@vitest[24m/runner/dist/index.j
s:700:47[90m)[39m
    at callSuiteHook [90m(file:///C:/Users/HP/Projects/gati/[39mnode_modules/[4
m.pnpm[24m/@vitest+runner@1.6.1/node_modules/[4m@vitest[24m/runner/dist/index.j
s:694:10[90m)[39m

[90mstderr[2m | tests/unit/runtime/module-loader.test.ts[2m > 
[22m[2mModuleLoader[2m > [22m[2mregister[2m > [22m[2mshould throw if 
module already registered[22m[39m
SQLiteTimelineStore failed to initialize, falling back to JSONTimelineStore: 
Error: better-sqlite3 is not installed. Please install it or use 
JSONTimelineStore.
    at new SQLiteTimelineStore [90m(C:\Users\HP\Projects\gati\[39mpackages\runti
me\src\timescape\timeline-store.ts:30:19[90m)[39m
    at 
[90mC:\Users\HP\Projects\gati\[39mpackages\runtime\src\global-context.ts:107:18
    at Module.createGlobalContext [90m(C:\Users\HP\Projects\gati\[39mpackages\ru
ntime\src\global-context.ts:112:7[90m)[39m
    at 
[90mC:\Users\HP\Projects\gati\[39mtests\unit\runtime\module-loader.test.ts:20:12
    at [90mfile:///C:/Users/HP/Projects/gati/[39mnode_modules/[4m.pnpm[24m/@vi
test+runner@1.6.1/node_modules/[4m@vitest[24m/runner/dist/index.js:135:14
    at [90mfile:///C:/Users/HP/Projects/gati/[39mnode_modules/[4m.pnpm[24m/@vi
test+runner@1.6.1/node_modules/[4m@vitest[24m/runner/dist/index.js:60:26
    at [90mfile:///C:/Users/HP/Projects/gati/[39mnode_modules/[4m.pnpm[24m/@vi
test+runner@1.6.1/node_modules/[4m@vitest[24m/runner/dist/index.js:700:59
    at Array.map (<anonymous>)
    at callSuiteHook [90m(file:///C:/Users/HP/Projects/gati/[39mnode_modules/[4
m.pnpm[24m/@vitest+runner@1.6.1/node_modules/[4m@vitest[24m/runner/dist/index.j
s:700:47[90m)[39m
    at callSuiteHook [90m(file:///C:/Users/HP/Projects/gati/[39mnode_modules/[4
m.pnpm[24m/@vitest+runner@1.6.1/node_modules/[4m@vitest[24m/runner/dist/index.j
s:694:10[90m)[39m

[90mstderr[2m | tests/unit/runtime/module-loader.test.ts[2m > 
[22m[2mModuleLoader[2m > [22m[2minitialize[2m > [22m[2mshould initialize 
a module[22m[39m
SQLiteTimelineStore failed to initialize, falling back to JSONTimelineStore: 
Error: better-sqlite3 is not installed. Please install it or use 
JSONTimelineStore.
    at new SQLiteTimelineStore [90m(C:\Users\HP\Projects\gati\[39mpackages\runti
me\src\timescape\timeline-store.ts:30:19[90m)[39m
    at 
[90mC:\Users\HP\Projects\gati\[39mpackages\runtime\src\global-context.ts:107:18
    at Module.createGlobalContext [90m(C:\Users\HP\Projects\gati\[39mpackages\ru
ntime\src\global-context.ts:112:7[90m)[39m
    at 
[90mC:\Users\HP\Projects\gati\[39mtests\unit\runtime\module-loader.test.ts:20:12
    at [90mfile:///C:/Users/HP/Projects/gati/[39mnode_modules/[4m.pnpm[24m/@vi
test+runner@1.6.1/node_modules/[4m@vitest[24m/runner/dist/index.js:135:14
    at [90mfile:///C:/Users/HP/Projects/gati/[39mnode_modules/[4m.pnpm[24m/@vi
test+runner@1.6.1/node_modules/[4m@vitest[24m/runner/dist/index.js:60:26
    at [90mfile:///C:/Users/HP/Projects/gati/[39mnode_modules/[4m.pnpm[24m/@vi
test+runner@1.6.1/node_modules/[4m@vitest[24m/runner/dist/index.js:700:59
    at Array.map (<anonymous>)
    at callSuiteHook [90m(file:///C:/Users/HP/Projects/gati/[39mnode_modules/[4
m.pnpm[24m/@vitest+runner@1.6.1/node_modules/[4m@vitest[24m/runner/dist/index.j
s:700:47[90m)[39m
    at callSuiteHook [90m(file:///C:/Users/HP/Projects/gati/[39mnode_modules/[4
m.pnpm[24m/@vitest+runner@1.6.1/node_modules/[4m@vitest[24m/runner/dist/index.j
s:694:10[90m)[39m

[90mstderr[2m | tests/unit/runtime/module-loader.test.ts[2m > 
[22m[2mModuleLoader[2m > [22m[2minitialize[2m > [22m[2mshould initialize 
dependencies first[22m[39m
SQLiteTimelineStore failed to initialize, falling back to JSONTimelineStore: 
Error: better-sqlite3 is not installed. Please install it or use 
JSONTimelineStore.
    at new SQLiteTimelineStore [90m(C:\Users\HP\Projects\gati\[39mpackages\runti
me\src\timescape\timeline-store.ts:30:19[90m)[39m
    at 
[90mC:\Users\HP\Projects\gati\[39mpackages\runtime\src\global-context.ts:107:18
    at Module.createGlobalContext [90m(C:\Users\HP\Projects\gati\[39mpackages\ru
ntime\src\global-context.ts:112:7[90m)[39m
    at 
[90mC:\Users\HP\Projects\gati\[39mtests\unit\runtime\module-loader.test.ts:20:12
    at [90mfile:///C:/Users/HP/Projects/gati/[39mnode_modules/[4m.pnpm[24m/@vi
test+runner@1.6.1/node_modules/[4m@vitest[24m/runner/dist/index.js:135:14
    at [90mfile:///C:/Users/HP/Projects/gati/[39mnode_modules/[4m.pnpm[24m/@vi
test+runner@1.6.1/node_modules/[4m@vitest[24m/runner/dist/index.js:60:26
    at [90mfile:///C:/Users/HP/Projects/gati/[39mnode_modules/[4m.pnpm[24m/@vi
test+runner@1.6.1/node_modules/[4m@vitest[24m/runner/dist/index.js:700:59
    at Array.map (<anonymous>)
    at callSuiteHook [90m(file:///C:/Users/HP/Projects/gati/[39mnode_modules/[4
m.pnpm[24m/@vitest+runner@1.6.1/node_modules/[4m@vitest[24m/runner/dist/index.j
s:700:47[90m)[39m
    at callSuiteHook [90m(file:///C:/Users/HP/Projects/gati/[39mnode_modules/[4
m.pnpm[24m/@vitest+runner@1.6.1/node_modules/[4m@vitest[24m/runner/dist/index.j
s:694:10[90m)[39m

[90mstderr[2m | tests/unit/runtime/module-loader.test.ts[2m > 
[22m[2mModuleLoader[2m > [22m[2minitialize[2m > [22m[2mshould detect 
circular dependencies[22m[39m
SQLiteTimelineStore failed to initialize, falling back to JSONTimelineStore: 
Error: better-sqlite3 is not installed. Please install it or use 
JSONTimelineStore.
    at new SQLiteTimelineStore [90m(C:\Users\HP\Projects\gati\[39mpackages\runti
me\src\timescape\timeline-store.ts:30:19[90m)[39m
    at 
[90mC:\Users\HP\Projects\gati\[39mpackages\runtime\src\global-context.ts:107:18
    at Module.createGlobalContext [90m(C:\Users\HP\Projects\gati\[39mpackages\ru
ntime\src\global-context.ts:112:7[90m)[39m
    at 
[90mC:\Users\HP\Projects\gati\[39mtests\unit\runtime\module-loader.test.ts:20:12
    at [90mfile:///C:/Users/HP/Projects/gati/[39mnode_modules/[4m.pnpm[24m/@vi
test+runner@1.6.1/node_modules/[4m@vitest[24m/runner/dist/index.js:135:14
    at [90mfile:///C:/Users/HP/Projects/gati/[39mnode_modules/[4m.pnpm[24m/@vi
test+runner@1.6.1/node_modules/[4m@vitest[24m/runner/dist/index.js:60:26
    at [90mfile:///C:/Users/HP/Projects/gati/[39mnode_modules/[4m.pnpm[24m/@vi
test+runner@1.6.1/node_modules/[4m@vitest[24m/runner/dist/index.js:700:59
    at Array.map (<anonymous>)
    at callSuiteHook [90m(file:///C:/Users/HP/Projects/gati/[39mnode_modules/[4
m.pnpm[24m/@vitest+runner@1.6.1/node_modules/[4m@vitest[24m/runner/dist/index.j
s:700:47[90m)[39m
    at callSuiteHook [90m(file:///C:/Users/HP/Projects/gati/[39mnode_modules/[4
m.pnpm[24m/@vitest+runner@1.6.1/node_modules/[4m@vitest[24m/runner/dist/index.j
s:694:10[90m)[39m

[90mstderr[2m | tests/unit/runtime/module-loader.test.ts[2m > 
[22m[2mModuleLoader[2m > [22m[2minitialize[2m > [22m[2mshould allow 
circular dependencies if configured[22m[39m
SQLiteTimelineStore failed to initialize, falling back to JSONTimelineStore: 
Error: better-sqlite3 is not installed. Please install it or use 
JSONTimelineStore.
    at new SQLiteTimelineStore [90m(C:\Users\HP\Projects\gati\[39mpackages\runti
me\src\timescape\timeline-store.ts:30:19[90m)[39m
    at 
[90mC:\Users\HP\Projects\gati\[39mpackages\runtime\src\global-context.ts:107:18
    at Module.createGlobalContext [90m(C:\Users\HP\Projects\gati\[39mpackages\ru
ntime\src\global-context.ts:112:7[90m)[39m
    at 
[90mC:\Users\HP\Projects\gati\[39mtests\unit\runtime\module-loader.test.ts:20:12
    at [90mfile:///C:/Users/HP/Projects/gati/[39mnode_modules/[4m.pnpm[24m/@vi
test+runner@1.6.1/node_modules/[4m@vitest[24m/runner/dist/index.js:135:14
    at [90mfile:///C:/Users/HP/Projects/gati/[39mnode_modules/[4m.pnpm[24m/@vi
test+runner@1.6.1/node_modules/[4m@vitest[24m/runner/dist/index.js:60:26
    at [90mfile:///C:/Users/HP/Projects/gati/[39mnode_modules/[4m.pnpm[24m/@vi
test+runner@1.6.1/node_modules/[4m@vitest[24m/runner/dist/index.js:700:59
    at Array.map (<anonymous>)
    at callSuiteHook [90m(file:///C:/Users/HP/Projects/gati/[39mnode_modules/[4
m.pnpm[24m/@vitest+runner@1.6.1/node_modules/[4m@vitest[24m/runner/dist/index.j
s:700:47[90m)[39m
    at callSuiteHook [90m(file:///C:/Users/HP/Projects/gati/[39mnode_modules/[4
m.pnpm[24m/@vitest+runner@1.6.1/node_modules/[4m@vitest[24m/runner/dist/index.j
s:694:10[90m)[39m

[90mstderr[2m | tests/unit/runtime/module-loader.test.ts[2m > 
[22m[2mModuleLoader[2m > [22m[2minitialize[2m > [22m[2mshould timeout if 
initialization takes too long[22m[39m
SQLiteTimelineStore failed to initialize, falling back to JSONTimelineStore: 
Error: better-sqlite3 is not installed. Please install it or use 
JSONTimelineStore.
    at new SQLiteTimelineStore [90m(C:\Users\HP\Projects\gati\[39mpackages\runti
me\src\timescape\timeline-store.ts:30:19[90m)[39m
    at 
[90mC:\Users\HP\Projects\gati\[39mpackages\runtime\src\global-context.ts:107:18
    at Module.createGlobalContext [90m(C:\Users\HP\Projects\gati\[39mpackages\ru
ntime\src\global-context.ts:112:7[90m)[39m
    at 
[90mC:\Users\HP\Projects\gati\[39mtests\unit\runtime\module-loader.test.ts:20:12
    at [90mfile:///C:/Users/HP/Projects/gati/[39mnode_modules/[4m.pnpm[24m/@vi
test+runner@1.6.1/node_modules/[4m@vitest[24m/runner/dist/index.js:135:14
    at [90mfile:///C:/Users/HP/Projects/gati/[39mnode_modules/[4m.pnpm[24m/@vi
test+runner@1.6.1/node_modules/[4m@vitest[24m/runner/dist/index.js:60:26
    at [90mfile:///C:/Users/HP/Projects/gati/[39mnode_modules/[4m.pnpm[24m/@vi
test+runner@1.6.1/node_modules/[4m@vitest[24m/runner/dist/index.js:700:59
    at Array.map (<anonymous>)
    at callSuiteHook [90m(file:///C:/Users/HP/Projects/gati/[39mnode_modules/[4
m.pnpm[24m/@vitest+runner@1.6.1/node_modules/[4m@vitest[24m/runner/dist/index.j
s:700:47[90m)[39m
    at callSuiteHook [90m(file:///C:/Users/HP/Projects/gati/[39mnode_modules/[4
m.pnpm[24m/@vitest+runner@1.6.1/node_modules/[4m@vitest[24m/runner/dist/index.j
s:694:10[90m)[39m

[90mstderr[2m | tests/unit/runtime/module-loader.test.ts[2m > 
[22m[2mModuleLoader[2m > [22m[2minitialize[2m > [22m[2mshould handle 
initialization errors[22m[39m
SQLiteTimelineStore failed to initialize, falling back to JSONTimelineStore: 
Error: better-sqlite3 is not installed. Please install it or use 
JSONTimelineStore.
    at new SQLiteTimelineStore [90m(C:\Users\HP\Projects\gati\[39mpackages\runti
me\src\timescape\timeline-store.ts:30:19[90m)[39m
    at 
[90mC:\Users\HP\Projects\gati\[39mpackages\runtime\src\global-context.ts:107:18
    at Module.createGlobalContext [90m(C:\Users\HP\Projects\gati\[39mpackages\ru
ntime\src\global-context.ts:112:7[90m)[39m
    at 
[90mC:\Users\HP\Projects\gati\[39mtests\unit\runtime\module-loader.test.ts:20:12
    at [90mfile:///C:/Users/HP/Projects/gati/[39mnode_modules/[4m.pnpm[24m/@vi
test+runner@1.6.1/node_modules/[4m@vitest[24m/runner/dist/index.js:135:14
    at [90mfile:///C:/Users/HP/Projects/gati/[39mnode_modules/[4m.pnpm[24m/@vi
test+runner@1.6.1/node_modules/[4m@vitest[24m/runner/dist/index.js:60:26
    at [90mfile:///C:/Users/HP/Projects/gati/[39mnode_modules/[4m.pnpm[24m/@vi
test+runner@1.6.1/node_modules/[4m@vitest[24m/runner/dist/index.js:700:59
    at Array.map (<anonymous>)
    at callSuiteHook [90m(file:///C:/Users/HP/Projects/gati/[39mnode_modules/[4
m.pnpm[24m/@vitest+runner@1.6.1/node_modules/[4m@vitest[24m/runner/dist/index.j
s:700:47[90m)[39m
    at callSuiteHook [90m(file:///C:/Users/HP/Projects/gati/[39mnode_modules/[4
m.pnpm[24m/@vitest+runner@1.6.1/node_modules/[4m@vitest[24m/runner/dist/index.j
s:694:10[90m)[39m

[90mstderr[2m | tests/unit/runtime/module-loader.test.ts[2m > 
[22m[2mModuleLoader[2m > [22m[2minitialize[2m > [22m[2mshould not 
re-initialize already initialized modules[22m[39m
SQLiteTimelineStore failed to initialize, falling back to JSONTimelineStore: 
Error: better-sqlite3 is not installed. Please install it or use 
JSONTimelineStore.
    at new SQLiteTimelineStore [90m(C:\Users\HP\Projects\gati\[39mpackages\runti
me\src\timescape\timeline-store.ts:30:19[90m)[39m
    at 
[90mC:\Users\HP\Projects\gati\[39mpackages\runtime\src\global-context.ts:107:18
    at Module.createGlobalContext [90m(C:\Users\HP\Projects\gati\[39mpackages\ru
ntime\src\global-context.ts:112:7[90m)[39m
    at 
[90mC:\Users\HP\Projects\gati\[39mtests\unit\runtime\module-loader.test.ts:20:12
    at [90mfile:///C:/Users/HP/Projects/gati/[39mnode_modules/[4m.pnpm[24m/@vi
test+runner@1.6.1/node_modules/[4m@vitest[24m/runner/dist/index.js:135:14
    at [90mfile:///C:/Users/HP/Projects/gati/[39mnode_modules/[4m.pnpm[24m/@vi
test+runner@1.6.1/node_modules/[4m@vitest[24m/runner/dist/index.js:60:26
    at [90mfile:///C:/Users/HP/Projects/gati/[39mnode_modules/[4m.pnpm[24m/@vi
test+runner@1.6.1/node_modules/[4m@vitest[24m/runner/dist/index.js:700:59
    at Array.map (<anonymous>)
    at callSuiteHook [90m(file:///C:/Users/HP/Projects/gati/[39mnode_modules/[4
m.pnpm[24m/@vitest+runner@1.6.1/node_modules/[4m@vitest[24m/runner/dist/index.j
s:700:47[90m)[39m
    at callSuiteHook [90m(file:///C:/Users/HP/Projects/gati/[39mnode_modules/[4
m.pnpm[24m/@vitest+runner@1.6.1/node_modules/[4m@vitest[24m/runner/dist/index.j
s:694:10[90m)[39m

[90mstderr[2m | tests/unit/runtime/module-loader.test.ts[2m > 
[22m[2mModuleLoader[2m > [22m[2mget[2m > [22m[2mshould return module 
exports[22m[39m
SQLiteTimelineStore failed to initialize, falling back to JSONTimelineStore: 
Error: better-sqlite3 is not installed. Please install it or use 
JSONTimelineStore.
    at new SQLiteTimelineStore [90m(C:\Users\HP\Projects\gati\[39mpackages\runti
me\src\timescape\timeline-store.ts:30:19[90m)[39m
    at 
[90mC:\Users\HP\Projects\gati\[39mpackages\runtime\src\global-context.ts:107:18
    at Module.createGlobalContext [90m(C:\Users\HP\Projects\gati\[39mpackages\ru
ntime\src\global-context.ts:112:7[90m)[39m
    at 
[90mC:\Users\HP\Projects\gati\[39mtests\unit\runtime\module-loader.test.ts:20:12
    at [90mfile:///C:/Users/HP/Projects/gati/[39mnode_modules/[4m.pnpm[24m/@vi
test+runner@1.6.1/node_modules/[4m@vitest[24m/runner/dist/index.js:135:14
    at [90mfile:///C:/Users/HP/Projects/gati/[39mnode_modules/[4m.pnpm[24m/@vi
test+runner@1.6.1/node_modules/[4m@vitest[24m/runner/dist/index.js:60:26
    at [90mfile:///C:/Users/HP/Projects/gati/[39mnode_modules/[4m.pnpm[24m/@vi
test+runner@1.6.1/node_modules/[4m@vitest[24m/runner/dist/index.js:700:59
    at Array.map (<anonymous>)
    at callSuiteHook [90m(file:///C:/Users/HP/Projects/gati/[39mnode_modules/[4
m.pnpm[24m/@vitest+runner@1.6.1/node_modules/[4m@vitest[24m/runner/dist/index.j
s:700:47[90m)[39m
    at callSuiteHook [90m(file:///C:/Users/HP/Projects/gati/[39mnode_modules/[4
m.pnpm[24m/@vitest+runner@1.6.1/node_modules/[4m@vitest[24m/runner/dist/index.j
s:694:10[90m)[39m

[90mstderr[2m | tests/unit/runtime/module-loader.test.ts[2m > 
[22m[2mModuleLoader[2m > [22m[2mget[2m > [22m[2mshould lazy initialize if 
not initialized[22m[39m
SQLiteTimelineStore failed to initialize, falling back to JSONTimelineStore: 
Error: better-sqlite3 is not installed. Please install it or use 
JSONTimelineStore.
    at new SQLiteTimelineStore [90m(C:\Users\HP\Projects\gati\[39mpackages\runti
me\src\timescape\timeline-store.ts:30:19[90m)[39m
    at 
[90mC:\Users\HP\Projects\gati\[39mpackages\runtime\src\global-context.ts:107:18
    at Module.createGlobalContext [90m(C:\Users\HP\Projects\gati\[39mpackages\ru
ntime\src\global-context.ts:112:7[90m)[39m
    at 
[90mC:\Users\HP\Projects\gati\[39mtests\unit\runtime\module-loader.test.ts:20:12
    at [90mfile:///C:/Users/HP/Projects/gati/[39mnode_modules/[4m.pnpm[24m/@vi
test+runner@1.6.1/node_modules/[4m@vitest[24m/runner/dist/index.js:135:14
    at [90mfile:///C:/Users/HP/Projects/gati/[39mnode_modules/[4m.pnpm[24m/@vi
test+runner@1.6.1/node_modules/[4m@vitest[24m/runner/dist/index.js:60:26
    at [90mfile:///C:/Users/HP/Projects/gati/[39mnode_modules/[4m.pnpm[24m/@vi
test+runner@1.6.1/node_modules/[4m@vitest[24m/runner/dist/index.js:700:59
    at Array.map (<anonymous>)
    at callSuiteHook [90m(file:///C:/Users/HP/Projects/gati/[39mnode_modules/[4
m.pnpm[24m/@vitest+runner@1.6.1/node_modules/[4m@vitest[24m/runner/dist/index.j
s:700:47[90m)[39m
    at callSuiteHook [90m(file:///C:/Users/HP/Projects/gati/[39mnode_modules/[4
m.pnpm[24m/@vitest+runner@1.6.1/node_modules/[4m@vitest[24m/runner/dist/index.j
s:694:10[90m)[39m

[90mstderr[2m | tests/unit/runtime/module-loader.test.ts[2m > 
[22m[2mModuleLoader[2m > [22m[2mget[2m > [22m[2mshould throw if module in 
error state[22m[39m
SQLiteTimelineStore failed to initialize, falling back to JSONTimelineStore: 
Error: better-sqlite3 is not installed. Please install it or use 
JSONTimelineStore.
    at new SQLiteTimelineStore [90m(C:\Users\HP\Projects\gati\[39mpackages\runti
me\src\timescape\timeline-store.ts:30:19[90m)[39m
    at 
[90mC:\Users\HP\Projects\gati\[39mpackages\runtime\src\global-context.ts:107:18
    at Module.createGlobalContext [90m(C:\Users\HP\Projects\gati\[39mpackages\ru
ntime\src\global-context.ts:112:7[90m)[39m
    at 
[90mC:\Users\HP\Projects\gati\[39mtests\unit\runtime\module-loader.test.ts:20:12
    at [90mfile:///C:/Users/HP/Projects/gati/[39mnode_modules/[4m.pnpm[24m/@vi
test+runner@1.6.1/node_modules/[4m@vitest[24m/runner/dist/index.js:135:14
    at [90mfile:///C:/Users/HP/Projects/gati/[39mnode_modules/[4m.pnpm[24m/@vi
test+runner@1.6.1/node_modules/[4m@vitest[24m/runner/dist/index.js:60:26
    at [90mfile:///C:/Users/HP/Projects/gati/[39mnode_modules/[4m.pnpm[24m/@vi
test+runner@1.6.1/node_modules/[4m@vitest[24m/runner/dist/index.js:700:59
    at Array.map (<anonymous>)
    at callSuiteHook [90m(file:///C:/Users/HP/Projects/gati/[39mnode_modules/[4
m.pnpm[24m/@vitest+runner@1.6.1/node_modules/[4m@vitest[24m/runner/dist/index.j
s:700:47[90m)[39m
    at callSuiteHook [90m(file:///C:/Users/HP/Projects/gati/[39mnode_modules/[4
m.pnpm[24m/@vitest+runner@1.6.1/node_modules/[4m@vitest[24m/runner/dist/index.j
s:694:10[90m)[39m

[90mstderr[2m | tests/unit/runtime/module-loader.test.ts[2m > 
[22m[2mModuleLoader[2m > [22m[2mget[2m > [22m[2mshould increment usage 
count[22m[39m
SQLiteTimelineStore failed to initialize, falling back to JSONTimelineStore: 
Error: better-sqlite3 is not installed. Please install it or use 
JSONTimelineStore.
    at new SQLiteTimelineStore [90m(C:\Users\HP\Projects\gati\[39mpackages\runti
me\src\timescape\timeline-store.ts:30:19[90m)[39m
    at 
[90mC:\Users\HP\Projects\gati\[39mpackages\runtime\src\global-context.ts:107:18
    at Module.createGlobalContext [90m(C:\Users\HP\Projects\gati\[39mpackages\ru
ntime\src\global-context.ts:112:7[90m)[39m
    at 
[90mC:\Users\HP\Projects\gati\[39mtests\unit\runtime\module-loader.test.ts:20:12
    at [90mfile:///C:/Users/HP/Projects/gati/[39mnode_modules/[4m.pnpm[24m/@vi
test+runner@1.6.1/node_modules/[4m@vitest[24m/runner/dist/index.js:135:14
    at [90mfile:///C:/Users/HP/Projects/gati/[39mnode_modules/[4m.pnpm[24m/@vi
test+runner@1.6.1/node_modules/[4m@vitest[24m/runner/dist/index.js:60:26
    at [90mfile:///C:/Users/HP/Projects/gati/[39mnode_modules/[4m.pnpm[24m/@vi
test+runner@1.6.1/node_modules/[4m@vitest[24m/runner/dist/index.js:700:59
    at Array.map (<anonymous>)
    at callSuiteHook [90m(file:///C:/Users/HP/Projects/gati/[39mnode_modules/[4
m.pnpm[24m/@vitest+runner@1.6.1/node_modules/[4m@vitest[24m/runner/dist/index.j
s:700:47[90m)[39m
    at callSuiteHook [90m(file:///C:/Users/HP/Projects/gati/[39mnode_modules/[4
m.pnpm[24m/@vitest+runner@1.6.1/node_modules/[4m@vitest[24m/runner/dist/index.j
s:694:10[90m)[39m

[90mstderr[2m | tests/unit/runtime/module-loader.test.ts[2m > 
[22m[2mModuleLoader[2m > [22m[2mgetSync[2m > [22m[2mshould return exports 
for initialized module[22m[39m
SQLiteTimelineStore failed to initialize, falling back to JSONTimelineStore: 
Error: better-sqlite3 is not installed. Please install it or use 
JSONTimelineStore.
    at new SQLiteTimelineStore [90m(C:\Users\HP\Projects\gati\[39mpackages\runti
me\src\timescape\timeline-store.ts:30:19[90m)[39m
    at 
[90mC:\Users\HP\Projects\gati\[39mpackages\runtime\src\global-context.ts:107:18
    at Module.createGlobalContext [90m(C:\Users\HP\Projects\gati\[39mpackages\ru
ntime\src\global-context.ts:112:7[90m)[39m
    at 
[90mC:\Users\HP\Projects\gati\[39mtests\unit\runtime\module-loader.test.ts:20:12
    at [90mfile:///C:/Users/HP/Projects/gati/[39mnode_modules/[4m.pnpm[24m/@vi
test+runner@1.6.1/node_modules/[4m@vitest[24m/runner/dist/index.js:135:14
    at [90mfile:///C:/Users/HP/Projects/gati/[39mnode_modules/[4m.pnpm[24m/@vi
test+runner@1.6.1/node_modules/[4m@vitest[24m/runner/dist/index.js:60:26
    at [90mfile:///C:/Users/HP/Projects/gati/[39mnode_modules/[4m.pnpm[24m/@vi
test+runner@1.6.1/node_modules/[4m@vitest[24m/runner/dist/index.js:700:59
    at Array.map (<anonymous>)
    at callSuiteHook [90m(file:///C:/Users/HP/Projects/gati/[39mnode_modules/[4
m.pnpm[24m/@vitest+runner@1.6.1/node_modules/[4m@vitest[24m/runner/dist/index.j
s:700:47[90m)[39m
    at callSuiteHook [90m(file:///C:/Users/HP/Projects/gati/[39mnode_modules/[4
m.pnpm[24m/@vitest+runner@1.6.1/node_modules/[4m@vitest[24m/runner/dist/index.j
s:694:10[90m)[39m

[90mstderr[2m | tests/unit/runtime/module-loader.test.ts[2m > 
[22m[2mModuleLoader[2m > [22m[2mgetSync[2m > [22m[2mshould throw if 
module not initialized[22m[39m
SQLiteTimelineStore failed to initialize, falling back to JSONTimelineStore: 
Error: better-sqlite3 is not installed. Please install it or use 
JSONTimelineStore.
    at new SQLiteTimelineStore [90m(C:\Users\HP\Projects\gati\[39mpackages\runti
me\src\timescape\timeline-store.ts:30:19[90m)[39m
    at 
[90mC:\Users\HP\Projects\gati\[39mpackages\runtime\src\global-context.ts:107:18
    at Module.createGlobalContext [90m(C:\Users\HP\Projects\gati\[39mpackages\ru
ntime\src\global-context.ts:112:7[90m)[39m
    at 
[90mC:\Users\HP\Projects\gati\[39mtests\unit\runtime\module-loader.test.ts:20:12
    at [90mfile:///C:/Users/HP/Projects/gati/[39mnode_modules/[4m.pnpm[24m/@vi
test+runner@1.6.1/node_modules/[4m@vitest[24m/runner/dist/index.js:135:14
    at [90mfile:///C:/Users/HP/Projects/gati/[39mnode_modules/[4m.pnpm[24m/@vi
test+runner@1.6.1/node_modules/[4m@vitest[24m/runner/dist/index.js:60:26
    at [90mfile:///C:/Users/HP/Projects/gati/[39mnode_modules/[4m.pnpm[24m/@vi
test+runner@1.6.1/node_modules/[4m@vitest[24m/runner/dist/index.js:700:59
    at Array.map (<anonymous>)
    at callSuiteHook [90m(file:///C:/Users/HP/Projects/gati/[39mnode_modules/[4
m.pnpm[24m/@vitest+runner@1.6.1/node_modules/[4m@vitest[24m/runner/dist/index.j
s:700:47[90m)[39m
    at callSuiteHook [90m(file:///C:/Users/HP/Projects/gati/[39mnode_modules/[4
m.pnpm[24m/@vitest+runner@1.6.1/node_modules/[4m@vitest[24m/runner/dist/index.j
s:694:10[90m)[39m

[90mstderr[2m | tests/unit/runtime/module-loader.test.ts[2m > 
[22m[2mModuleLoader[2m > [22m[2mshutdown[2m > [22m[2mshould call module 
shutdown hook[22m[39m
SQLiteTimelineStore failed to initialize, falling back to JSONTimelineStore: 
Error: better-sqlite3 is not installed. Please install it or use 
JSONTimelineStore.
    at new SQLiteTimelineStore [90m(C:\Users\HP\Projects\gati\[39mpackages\runti
me\src\timescape\timeline-store.ts:30:19[90m)[39m
    at 
[90mC:\Users\HP\Projects\gati\[39mpackages\runtime\src\global-context.ts:107:18
    at Module.createGlobalContext [90m(C:\Users\HP\Projects\gati\[39mpackages\ru
ntime\src\global-context.ts:112:7[90m)[39m
    at 
[90mC:\Users\HP\Projects\gati\[39mtests\unit\runtime\module-loader.test.ts:20:12
    at [90mfile:///C:/Users/HP/Projects/gati/[39mnode_modules/[4m.pnpm[24m/@vi
test+runner@1.6.1/node_modules/[4m@vitest[24m/runner/dist/index.js:135:14
    at [90mfile:///C:/Users/HP/Projects/gati/[39mnode_modules/[4m.pnpm[24m/@vi
test+runner@1.6.1/node_modules/[4m@vitest[24m/runner/dist/index.js:60:26
    at [90mfile:///C:/Users/HP/Projects/gati/[39mnode_modules/[4m.pnpm[24m/@vi
test+runner@1.6.1/node_modules/[4m@vitest[24m/runner/dist/index.js:700:59
    at Array.map (<anonymous>)
    at callSuiteHook [90m(file:///C:/Users/HP/Projects/gati/[39mnode_modules/[4
m.pnpm[24m/@vitest+runner@1.6.1/node_modules/[4m@vitest[24m/runner/dist/index.j
s:700:47[90m)[39m
    at callSuiteHook [90m(file:///C:/Users/HP/Projects/gati/[39mnode_modules/[4
m.pnpm[24m/@vitest+runner@1.6.1/node_modules/[4m@vitest[24m/runner/dist/index.j
s:694:10[90m)[39m

[90mstderr[2m | tests/unit/runtime/module-loader.test.ts[2m > 
[22m[2mModuleLoader[2m > [22m[2mshutdown[2m > [22m[2mshould handle 
shutdown errors[22m[39m
SQLiteTimelineStore failed to initialize, falling back to JSONTimelineStore: 
Error: better-sqlite3 is not installed. Please install it or use 
JSONTimelineStore.
    at new SQLiteTimelineStore [90m(C:\Users\HP\Projects\gati\[39mpackages\runti
me\src\timescape\timeline-store.ts:30:19[90m)[39m
    at 
[90mC:\Users\HP\Projects\gati\[39mpackages\runtime\src\global-context.ts:107:18
    at Module.createGlobalContext [90m(C:\Users\HP\Projects\gati\[39mpackages\ru
ntime\src\global-context.ts:112:7[90m)[39m
    at 
[90mC:\Users\HP\Projects\gati\[39mtests\unit\runtime\module-loader.test.ts:20:12
    at [90mfile:///C:/Users/HP/Projects/gati/[39mnode_modules/[4m.pnpm[24m/@vi
test+runner@1.6.1/node_modules/[4m@vitest[24m/runner/dist/index.js:135:14
    at [90mfile:///C:/Users/HP/Projects/gati/[39mnode_modules/[4m.pnpm[24m/@vi
test+runner@1.6.1/node_modules/[4m@vitest[24m/runner/dist/index.js:60:26
    at [90mfile:///C:/Users/HP/Projects/gati/[39mnode_modules/[4m.pnpm[24m/@vi
test+runner@1.6.1/node_modules/[4m@vitest[24m/runner/dist/index.js:700:59
    at Array.map (<anonymous>)
    at callSuiteHook [90m(file:///C:/Users/HP/Projects/gati/[39mnode_modules/[4
m.pnpm[24m/@vitest+runner@1.6.1/node_modules/[4m@vitest[24m/runner/dist/index.j
s:700:47[90m)[39m
    at callSuiteHook [90m(file:///C:/Users/HP/Projects/gati/[39mnode_modules/[4
m.pnpm[24m/@vitest+runner@1.6.1/node_modules/[4m@vitest[24m/runner/dist/index.j
s:694:10[90m)[39m

[90mstderr[2m | tests/unit/runtime/module-loader.test.ts[2m > 
[22m[2mModuleLoader[2m > [22m[2mshutdown[2m > [22m[2mshould not 
re-shutdown already shutdown modules[22m[39m
SQLiteTimelineStore failed to initialize, falling back to JSONTimelineStore: 
Error: better-sqlite3 is not installed. Please install it or use 
JSONTimelineStore.
    at new SQLiteTimelineStore [90m(C:\Users\HP\Projects\gati\[39mpackages\runti
me\src\timescape\timeline-store.ts:30:19[90m)[39m
    at 
[90mC:\Users\HP\Projects\gati\[39mpackages\runtime\src\global-context.ts:107:18
    at Module.createGlobalContext [90m(C:\Users\HP\Projects\gati\[39mpackages\ru
ntime\src\global-context.ts:112:7[90m)[39m
    at 
[90mC:\Users\HP\Projects\gati\[39mtests\unit\runtime\module-loader.test.ts:20:12
    at [90mfile:///C:/Users/HP/Projects/gati/[39mnode_modules/[4m.pnpm[24m/@vi
test+runner@1.6.1/node_modules/[4m@vitest[24m/runner/dist/index.js:135:14
    at [90mfile:///C:/Users/HP/Projects/gati/[39mnode_modules/[4m.pnpm[24m/@vi
test+runner@1.6.1/node_modules/[4m@vitest[24m/runner/dist/index.js:60:26
    at [90mfile:///C:/Users/HP/Projects/gati/[39mnode_modules/[4m.pnpm[24m/@vi
test+runner@1.6.1/node_modules/[4m@vitest[24m/runner/dist/index.js:700:59
    at Array.map (<anonymous>)
    at callSuiteHook [90m(file:///C:/Users/HP/Projects/gati/[39mnode_modules/[4
m.pnpm[24m/@vitest+runner@1.6.1/node_modules/[4m@vitest[24m/runner/dist/index.j
s:700:47[90m)[39m
    at callSuiteHook [90m(file:///C:/Users/HP/Projects/gati/[39mnode_modules/[4
m.pnpm[24m/@vitest+runner@1.6.1/node_modules/[4m@vitest[24m/runner/dist/index.j
s:694:10[90m)[39m

[90mstderr[2m | tests/unit/runtime/module-loader.test.ts[2m > 
[22m[2mModuleLoader[2m > [22m[2mshutdownAll[2m > [22m[2mshould shutdown 
all modules in reverse order[22m[39m
SQLiteTimelineStore failed to initialize, falling back to JSONTimelineStore: 
Error: better-sqlite3 is not installed. Please install it or use 
JSONTimelineStore.
    at new SQLiteTimelineStore [90m(C:\Users\HP\Projects\gati\[39mpackages\runti
me\src\timescape\timeline-store.ts:30:19[90m)[39m
    at 
[90mC:\Users\HP\Projects\gati\[39mpackages\runtime\src\global-context.ts:107:18
    at Module.createGlobalContext [90m(C:\Users\HP\Projects\gati\[39mpackages\ru
ntime\src\global-context.ts:112:7[90m)[39m
    at 
[90mC:\Users\HP\Projects\gati\[39mtests\unit\runtime\module-loader.test.ts:20:12
    at [90mfile:///C:/Users/HP/Projects/gati/[39mnode_modules/[4m.pnpm[24m/@vi
test+runner@1.6.1/node_modules/[4m@vitest[24m/runner/dist/index.js:135:14
    at [90mfile:///C:/Users/HP/Projects/gati/[39mnode_modules/[4m.pnpm[24m/@vi
test+runner@1.6.1/node_modules/[4m@vitest[24m/runner/dist/index.js:60:26
    at [90mfile:///C:/Users/HP/Projects/gati/[39mnode_modules/[4m.pnpm[24m/@vi
test+runner@1.6.1/node_modules/[4m@vitest[24m/runner/dist/index.js:700:59
    at Array.map (<anonymous>)
    at callSuiteHook [90m(file:///C:/Users/HP/Projects/gati/[39mnode_modules/[4
m.pnpm[24m/@vitest+runner@1.6.1/node_modules/[4m@vitest[24m/runner/dist/index.j
s:700:47[90m)[39m
    at callSuiteHook [90m(file:///C:/Users/HP/Projects/gati/[39mnode_modules/[4
m.pnpm[24m/@vitest+runner@1.6.1/node_modules/[4m@vitest[24m/runner/dist/index.j
s:694:10[90m)[39m

[90mstderr[2m | tests/unit/runtime/module-loader.test.ts[2m > 
[22m[2mModuleLoader[2m > [22m[2mshutdownAll[2m > [22m[2mshould continue 
shutting down even if one module fails[22m[39m
SQLiteTimelineStore failed to initialize, falling back to JSONTimelineStore: 
Error: better-sqlite3 is not installed. Please install it or use 
JSONTimelineStore.
    at new SQLiteTimelineStore [90m(C:\Users\HP\Projects\gati\[39mpackages\runti
me\src\timescape\timeline-store.ts:30:19[90m)[39m
    at 
[90mC:\Users\HP\Projects\gati\[39mpackages\runtime\src\global-context.ts:107:18
    at Module.createGlobalContext [90m(C:\Users\HP\Projects\gati\[39mpackages\ru
ntime\src\global-context.ts:112:7[90m)[39m
    at 
[90mC:\Users\HP\Projects\gati\[39mtests\unit\runtime\module-loader.test.ts:20:12
    at [90mfile:///C:/Users/HP/Projects/gati/[39mnode_modules/[4m.pnpm[24m/@vi
test+runner@1.6.1/node_modules/[4m@vitest[24m/runner/dist/index.js:135:14
    at [90mfile:///C:/Users/HP/Projects/gati/[39mnode_modules/[4m.pnpm[24m/@vi
test+runner@1.6.1/node_modules/[4m@vitest[24m/runner/dist/index.js:60:26
    at [90mfile:///C:/Users/HP/Projects/gati/[39mnode_modules/[4m.pnpm[24m/@vi
test+runner@1.6.1/node_modules/[4m@vitest[24m/runner/dist/index.js:700:59
    at Array.map (<anonymous>)
    at callSuiteHook [90m(file:///C:/Users/HP/Projects/gati/[39mnode_modules/[4
m.pnpm[24m/@vitest+runner@1.6.1/node_modules/[4m@vitest[24m/runner/dist/index.j
s:700:47[90m)[39m
    at callSuiteHook [90m(file:///C:/Users/HP/Projects/gati/[39mnode_modules/[4
m.pnpm[24m/@vitest+runner@1.6.1/node_modules/[4m@vitest[24m/runner/dist/index.j
s:694:10[90m)[39m

[90mstderr[2m | tests/unit/runtime/module-loader.test.ts[2m > 
[22m[2mModuleLoader[2m > [22m[2mhealthCheck[2m > [22m[2mshould run health 
checks on all modules[22m[39m
SQLiteTimelineStore failed to initialize, falling back to JSONTimelineStore: 
Error: better-sqlite3 is not installed. Please install it or use 
JSONTimelineStore.
    at new SQLiteTimelineStore [90m(C:\Users\HP\Projects\gati\[39mpackages\runti
me\src\timescape\timeline-store.ts:30:19[90m)[39m
    at 
[90mC:\Users\HP\Projects\gati\[39mpackages\runtime\src\global-context.ts:107:18
    at Module.createGlobalContext [90m(C:\Users\HP\Projects\gati\[39mpackages\ru
ntime\src\global-context.ts:112:7[90m)[39m
    at 
[90mC:\Users\HP\Projects\gati\[39mtests\unit\runtime\module-loader.test.ts:20:12
    at [90mfile:///C:/Users/HP/Projects/gati/[39mnode_modules/[4m.pnpm[24m/@vi
test+runner@1.6.1/node_modules/[4m@vitest[24m/runner/dist/index.js:135:14
    at [90mfile:///C:/Users/HP/Projects/gati/[39mnode_modules/[4m.pnpm[24m/@vi
test+runner@1.6.1/node_modules/[4m@vitest[24m/runner/dist/index.js:60:26
    at [90mfile:///C:/Users/HP/Projects/gati/[39mnode_modules/[4m.pnpm[24m/@vi
test+runner@1.6.1/node_modules/[4m@vitest[24m/runner/dist/index.js:700:59
    at Array.map (<anonymous>)
    at callSuiteHook [90m(file:///C:/Users/HP/Projects/gati/[39mnode_modules/[4
m.pnpm[24m/@vitest+runner@1.6.1/node_modules/[4m@vitest[24m/runner/dist/index.j
s:700:47[90m)[39m
    at callSuiteHook [90m(file:///C:/Users/HP/Projects/gati/[39mnode_modules/[4
m.pnpm[24m/@vitest+runner@1.6.1/node_modules/[4m@vitest[24m/runner/dist/index.j
s:694:10[90m)[39m

[90mstderr[2m | tests/unit/runtime/module-loader.test.ts[2m > 
[22m[2mModuleLoader[2m > [22m[2mhealthCheck[2m > [22m[2mshould return 
false for uninitialized modules[22m[39m
SQLiteTimelineStore failed to initialize, falling back to JSONTimelineStore: 
Error: better-sqlite3 is not installed. Please install it or use 
JSONTimelineStore.
    at new SQLiteTimelineStore [90m(C:\Users\HP\Projects\gati\[39mpackages\runti
me\src\timescape\timeline-store.ts:30:19[90m)[39m
    at 
[90mC:\Users\HP\Projects\gati\[39mpackages\runtime\src\global-context.ts:107:18
    at Module.createGlobalContext [90m(C:\Users\HP\Projects\gati\[39mpackages\ru
ntime\src\global-context.ts:112:7[90m)[39m
    at 
[90mC:\Users\HP\Projects\gati\[39mtests\unit\runtime\module-loader.test.ts:20:12
    at [90mfile:///C:/Users/HP/Projects/gati/[39mnode_modules/[4m.pnpm[24m/@vi
test+runner@1.6.1/node_modules/[4m@vitest[24m/runner/dist/index.js:135:14
    at [90mfile:///C:/Users/HP/Projects/gati/[39mnode_modules/[4m.pnpm[24m/@vi
test+runner@1.6.1/node_modules/[4m@vitest[24m/runner/dist/index.js:60:26
 [32mΓ£ô[39m tests/unit/runtime/module-loader.test.ts [2m ([22m[2m25 tests[22m[2m)[22m[33m 730[2mms[22m[39m
    at [90mfile:///C:/Users/HP/Projects/gati/[39mnode_modules/[4m.pnpm[24m/@vi
test+runner@1.6.1/node_modules/[4m@vitest[24m/runner/dist/index.js:700:59
    at Array.map (<anonymous>)
    at callSuiteHook [90m(file:///C:/Users/HP/Projects/gati/[39mnode_modules/[4
m.pnpm[24m/@vitest+runner@1.6.1/node_modules/[4m@vitest[24m/runner/dist/index.j
s:700:47[90m)[39m
    at callSuiteHook [90m(file:///C:/Users/HP/Projects/gati/[39mnode_modules/[4
m.pnpm[24m/@vitest+runner@1.6.1/node_modules/[4m@vitest[24m/runner/dist/index.j
s:694:10[90m)[39m

[90mstderr[2m | tests/unit/runtime/module-loader.test.ts[2m > 
[22m[2mModuleLoader[2m > [22m[2mhealthCheck[2m > [22m[2mshould assume 
healthy if no health check defined[22m[39m
SQLiteTimelineStore failed to initialize, falling back to JSONTimelineStore: 
Error: better-sqlite3 is not installed. Please install it or use 
JSONTimelineStore.
    at new SQLiteTimelineStore [90m(C:\Users\HP\Projects\gati\[39mpackages\runti
me\src\timescape\timeline-store.ts:30:19[90m)[39m
    at 
[90mC:\Users\HP\Projects\gati\[39mpackages\runtime\src\global-context.ts:107:18
    at Module.createGlobalContext [90m(C:\Users\HP\Projects\gati\[39mpackages\ru
ntime\src\global-context.ts:112:7[90m)[39m
    at 
[90mC:\Users\HP\Projects\gati\[39mtests\unit\runtime\module-loader.test.ts:20:12
    at [90mfile:///C:/Users/HP/Projects/gati/[39mnode_modules/[4m.pnpm[24m/@vi
test+runner@1.6.1/node_modules/[4m@vitest[24m/runner/dist/index.js:135:14
    at [90mfile:///C:/Users/HP/Projects/gati/[39mnode_modules/[4m.pnpm[24m/@vi
test+runner@1.6.1/node_modules/[4m@vitest[24m/runner/dist/index.js:60:26
    at [90mfile:///C:/Users/HP/Projects/gati/[39mnode_modules/[4m.pnpm[24m/@vi
test+runner@1.6.1/node_modules/[4m@vitest[24m/runner/dist/index.js:700:59
    at Array.map (<anonymous>)
    at callSuiteHook [90m(file:///C:/Users/HP/Projects/gati/[39mnode_modules/[4
m.pnpm[24m/@vitest+runner@1.6.1/node_modules/[4m@vitest[24m/runner/dist/index.j
s:700:47[90m)[39m
    at callSuiteHook [90m(file:///C:/Users/HP/Projects/gati/[39mnode_modules/[4
m.pnpm[24m/@vitest+runner@1.6.1/node_modules/[4m@vitest[24m/runner/dist/index.j
s:694:10[90m)[39m

[90mstderr[2m | tests/unit/runtime/module-loader.test.ts[2m > 
[22m[2mModuleLoader[2m > [22m[2mgetStatistics[2m > [22m[2mshould return 
module statistics[22m[39m
SQLiteTimelineStore failed to initialize, falling back to JSONTimelineStore: 
Error: better-sqlite3 is not installed. Please install it or use 
JSONTimelineStore.
    at new SQLiteTimelineStore [90m(C:\Users\HP\Projects\gati\[39mpackages\runti
me\src\timescape\timeline-store.ts:30:19[90m)[39m
    at 
[90mC:\Users\HP\Projects\gati\[39mpackages\runtime\src\global-context.ts:107:18
    at Module.createGlobalContext [90m(C:\Users\HP\Projects\gati\[39mpackages\ru
ntime\src\global-context.ts:112:7[90m)[39m
    at 
[90mC:\Users\HP\Projects\gati\[39mtests\unit\runtime\module-loader.test.ts:20:12
    at [90mfile:///C:/Users/HP/Projects/gati/[39mnode_modules/[4m.pnpm[24m/@vi
test+runner@1.6.1/node_modules/[4m@vitest[24m/runner/dist/index.js:135:14
    at [90mfile:///C:/Users/HP/Projects/gati/[39mnode_modules/[4m.pnpm[24m/@vi
test+runner@1.6.1/node_modules/[4m@vitest[24m/runner/dist/index.js:60:26
    at [90mfile:///C:/Users/HP/Projects/gati/[39mnode_modules/[4m.pnpm[24m/@vi
test+runner@1.6.1/node_modules/[4m@vitest[24m/runner/dist/index.js:700:59
    at Array.map (<anonymous>)
    at callSuiteHook [90m(file:///C:/Users/HP/Projects/gati/[39mnode_modules/[4
m.pnpm[24m/@vitest+runner@1.6.1/node_modules/[4m@vitest[24m/runner/dist/index.j
s:700:47[90m)[39m
    at callSuiteHook [90m(file:///C:/Users/HP/Projects/gati/[39mnode_modules/[4
m.pnpm[24m/@vitest+runner@1.6.1/node_modules/[4m@vitest[24m/runner/dist/index.j
s:694:10[90m)[39m

 [33mΓ¥»[39m tests/unit/runtime/local-context.test.ts [2m ([22m[2m0 test[22m[2m)[22m
 [32mΓ£ô[39m tests/unit/runtime/route-manager.test.ts [2m ([22m[2m30 tests[22m[2m)[22m[90m 65[2mms[22m[39m
 [32mΓ£ô[39m tests/unit/cli/deployment/hpa-ingress.test.ts [2m ([22m[2m15 tests[22m[2m)[22m[90m 150[2mms[22m[39m
 [32mΓ£ô[39m tests/e2e/mvp-workflow.test.ts [2m ([22m[2m15 tests[22m[2m)[22m[33m 311[2mms[22m[39m
 [32mΓ£ô[39m tests/unit/runtime/response.test.ts [2m ([22m[2m28 tests[22m[2m)[22m[90m 81[2mms[22m[39m
 [32mΓ£ô[39m tests/unit/runtime/module-registry.test.ts [2m ([22m[2m17 tests[22m[2m)[22m[90m 101[2mms[22m[39m
 [32mΓ£ô[39m tests/unit/cli/create.test.ts [2m ([22m[2m11 tests[22m[2m)[22m[33m 2172[2mms[22m[39m
 [32mΓ£ô[39m tests/unit/runtime/route-parser.test.ts [2m ([22m[2m25 tests[22m[2m)[22m[90m 59[2mms[22m[39m
(node:1244) MaxListenersExceededWarning: Possible EventEmitter memory leak 
detected. 11 exit listeners added to [process]. MaxListeners is 10. Use 
emitter.setMaxListeners() to increase limit
(Use `node --trace-warnings ...` to show where the warning was created)
[90mstderr[2m | tests/unit/runtime/app-core.test.ts[2m > [22m[2mApp Core[2m 
> [22m[2mcreateApp[2m > [22m[2mshould create a new app instance[22m[39m
SQLiteTimelineStore failed to initialize, falling back to JSONTimelineStore: 
Error: better-sqlite3 is not installed. Please install it or use 
JSONTimelineStore.
    at new SQLiteTimelineStore [90m(C:\Users\HP\Projects\gati\[39mpackages\runti
me\src\timescape\timeline-store.ts:30:19[90m)[39m
    at 
[90mC:\Users\HP\Projects\gati\[39mpackages\runtime\src\global-context.ts:107:18
    at Module.createGlobalContext [90m(C:\Users\HP\Projects\gati\[39mpackages\ru
ntime\src\global-context.ts:112:7[90m)[39m
    at new GatiApp [90m(C:\Users\HP\Projects\gati\[39mpackages\runtime\src\app-c
ore.ts:176:17[90m)[39m
    at Module.createApp [90m(C:\Users\HP\Projects\gati\[39mpackages\runtime\src\
app-core.ts:649:10[90m)[39m
    at 
[90mC:\Users\HP\Projects\gati\[39mtests\unit\runtime\app-core.test.ts:14:11
    at [90mfile:///C:/Users/HP/Projects/gati/[39mnode_modules/[4m.pnpm[24m/@vi
test+runner@1.6.1/node_modules/[4m@vitest[24m/runner/dist/index.js:135:14
    at [90mfile:///C:/Users/HP/Projects/gati/[39mnode_modules/[4m.pnpm[24m/@vi
test+runner@1.6.1/node_modules/[4m@vitest[24m/runner/dist/index.js:60:26
    at [90mfile:///C:/Users/HP/Projects/gati/[39mnode_modules/[4m.pnpm[24m/@vi
test+runner@1.6.1/node_modules/[4m@vitest[24m/runner/dist/index.js:700:59
    at Array.map (<anonymous>)

[90mstderr[2m | tests/unit/runtime/app-core.test.ts[2m > [22m[2mApp Core[2m 
> [22m[2mcreateApp[2m > [22m[2mshould use default configuration[22m[39m
SQLiteTimelineStore failed to initialize, falling back to JSONTimelineStore: 
Error: better-sqlite3 is not installed. Please install it or use 
JSONTimelineStore.
    at new SQLiteTimelineStore [90m(C:\Users\HP\Projects\gati\[39mpackages\runti
me\src\timescape\timeline-store.ts:30:19[90m)[39m
    at 
[90mC:\Users\HP\Projects\gati\[39mpackages\runtime\src\global-context.ts:107:18
    at Module.createGlobalContext [90m(C:\Users\HP\Projects\gati\[39mpackages\ru
ntime\src\global-context.ts:112:7[90m)[39m
    at new GatiApp [90m(C:\Users\HP\Projects\gati\[39mpackages\runtime\src\app-c
ore.ts:176:17[90m)[39m
    at Module.createApp [90m(C:\Users\HP\Projects\gati\[39mpackages\runtime\src\
app-core.ts:649:10[90m)[39m
    at 
[90mC:\Users\HP\Projects\gati\[39mtests\unit\runtime\app-core.test.ts:14:11
    at [90mfile:///C:/Users/HP/Projects/gati/[39mnode_modules/[4m.pnpm[24m/@vi
test+runner@1.6.1/node_modules/[4m@vitest[24m/runner/dist/index.js:135:14
    at [90mfile:///C:/Users/HP/Projects/gati/[39mnode_modules/[4m.pnpm[24m/@vi
test+runner@1.6.1/node_modules/[4m@vitest[24m/runner/dist/index.js:60:26
    at [90mfile:///C:/Users/HP/Projects/gati/[39mnode_modules/[4m.pnpm[24m/@vi
test+runner@1.6.1/node_modules/[4m@vitest[24m/runner/dist/index.js:700:59
    at Array.map (<anonymous>)

[90mstderr[2m | tests/unit/runtime/app-core.test.ts[2m > [22m[2mApp Core[2m 
> [22m[2mcreateApp[2m > [22m[2mshould accept custom configuration[22m[39m
SQLiteTimelineStore failed to initialize, falling back to JSONTimelineStore: 
Error: better-sqlite3 is not installed. Please install it or use 
JSONTimelineStore.
    at new SQLiteTimelineStore [90m(C:\Users\HP\Projects\gati\[39mpackages\runti
me\src\timescape\timeline-store.ts:30:19[90m)[39m
    at 
[90mC:\Users\HP\Projects\gati\[39mpackages\runtime\src\global-context.ts:107:18
    at Module.createGlobalContext [90m(C:\Users\HP\Projects\gati\[39mpackages\ru
ntime\src\global-context.ts:112:7[90m)[39m
    at new GatiApp [90m(C:\Users\HP\Projects\gati\[39mpackages\runtime\src\app-c
ore.ts:176:17[90m)[39m
    at Module.createApp [90m(C:\Users\HP\Projects\gati\[39mpackages\runtime\src\
app-core.ts:649:10[90m)[39m
    at 
[90mC:\Users\HP\Projects\gati\[39mtests\unit\runtime\app-core.test.ts:14:11
    at [90mfile:///C:/Users/HP/Projects/gati/[39mnode_modules/[4m.pnpm[24m/@vi
test+runner@1.6.1/node_modules/[4m@vitest[24m/runner/dist/index.js:135:14
    at [90mfile:///C:/Users/HP/Projects/gati/[39mnode_modules/[4m.pnpm[24m/@vi
test+runner@1.6.1/node_modules/[4m@vitest[24m/runner/dist/index.js:60:26
    at [90mfile:///C:/Users/HP/Projects/gati/[39mnode_modules/[4m.pnpm[24m/@vi
test+runner@1.6.1/node_modules/[4m@vitest[24m/runner/dist/index.js:700:59
    at Array.map (<anonymous>)
SQLiteTimelineStore failed to initialize, falling back to JSONTimelineStore: 
Error: better-sqlite3 is not installed. Please install it or use 
JSONTimelineStore.
    at new SQLiteTimelineStore [90m(C:\Users\HP\Projects\gati\[39mpackages\runti
me\src\timescape\timeline-store.ts:30:19[90m)[39m
    at 
[90mC:\Users\HP\Projects\gati\[39mpackages\runtime\src\global-context.ts:107:18
    at Module.createGlobalContext [90m(C:\Users\HP\Projects\gati\[39mpackages\ru
ntime\src\global-context.ts:112:7[90m)[39m
    at new GatiApp [90m(C:\Users\HP\Projects\gati\[39mpackages\runtime\src\app-c
ore.ts:176:17[90m)[39m
    at Module.createApp [90m(C:\Users\HP\Projects\gati\[39mpackages\runtime\src\
app-core.ts:649:10[90m)[39m
    at 
[90mC:\Users\HP\Projects\gati\[39mtests\unit\runtime\app-core.test.ts:36:25
    at [90mfile:///C:/Users/HP/Projects/gati/[39mnode_modules/[4m.pnpm[24m/@vi
test+runner@1.6.1/node_modules/[4m@vitest[24m/runner/dist/index.js:135:14
    at [90mfile:///C:/Users/HP/Projects/gati/[39mnode_modules/[4m.pnpm[24m/@vi
test+runner@1.6.1/node_modules/[4m@vitest[24m/runner/dist/index.js:60:26
    at runTest [90m(file:///C:/Users/HP/Projects/gati/[39mnode_modules/[4m.pnpm
[24m/@vitest+runner@1.6.1/node_modules/[4m@vitest[24m/runner/dist/index.js:781:
17[90m)[39m
    at runSuite [90m(file:///C:/Users/HP/Projects/gati/[39mnode_modules/[4m.pnp
m[24m/@vitest+runner@1.6.1/node_modules/[4m@vitest[24m/runner/dist/index.js:909
:15[90m)[39m

[90mstderr[2m | tests/unit/runtime/app-core.test.ts[2m > [22m[2mApp Core[2m 
> [22m[2mroute registration[2m > [22m[2mshould register GET route[22m[39m
SQLiteTimelineStore failed to initialize, falling back to JSONTimelineStore: 
Error: better-sqlite3 is not installed. Please install it or use 
JSONTimelineStore.
    at new SQLiteTimelineStore [90m(C:\Users\HP\Projects\gati\[39mpackages\runti
me\src\timescape\timeline-store.ts:30:19[90m)[39m
    at 
[90mC:\Users\HP\Projects\gati\[39mpackages\runtime\src\global-context.ts:107:18
    at Module.createGlobalContext [90m(C:\Users\HP\Projects\gati\[39mpackages\ru
ntime\src\global-context.ts:112:7[90m)[39m
    at new GatiApp [90m(C:\Users\HP\Projects\gati\[39mpackages\runtime\src\app-c
ore.ts:176:17[90m)[39m
    at Module.createApp [90m(C:\Users\HP\Projects\gati\[39mpackages\runtime\src\
app-core.ts:649:10[90m)[39m
    at 
[90mC:\Users\HP\Projects\gati\[39mtests\unit\runtime\app-core.test.ts:14:11
    at [90mfile:///C:/Users/HP/Projects/gati/[39mnode_modules/[4m.pnpm[24m/@vi
test+runner@1.6.1/node_modules/[4m@vitest[24m/runner/dist/index.js:135:14
    at [90mfile:///C:/Users/HP/Projects/gati/[39mnode_modules/[4m.pnpm[24m/@vi
test+runner@1.6.1/node_modules/[4m@vitest[24m/runner/dist/index.js:60:26
    at [90mfile:///C:/Users/HP/Projects/gati/[39mnode_modules/[4m.pnpm[24m/@vi
test+runner@1.6.1/node_modules/[4m@vitest[24m/runner/dist/index.js:700:59
    at Array.map (<anonymous>)

[90mstderr[2m | tests/unit/runtime/app-core.test.ts[2m > [22m[2mApp Core[2m 
> [22m[2mroute registration[2m > [22m[2mshould register POST route[22m[39m
SQLiteTimelineStore failed to initialize, falling back to JSONTimelineStore: 
Error: better-sqlite3 is not installed. Please install it or use 
JSONTimelineStore.
    at new SQLiteTimelineStore [90m(C:\Users\HP\Projects\gati\[39mpackages\runti
me\src\timescape\timeline-store.ts:30:19[90m)[39m
    at 
[90mC:\Users\HP\Projects\gati\[39mpackages\runtime\src\global-context.ts:107:18
    at Module.createGlobalContext [90m(C:\Users\HP\Projects\gati\[39mpackages\ru
ntime\src\global-context.ts:112:7[90m)[39m
    at new GatiApp [90m(C:\Users\HP\Projects\gati\[39mpackages\runtime\src\app-c
ore.ts:176:17[90m)[39m
    at Module.createApp [90m(C:\Users\HP\Projects\gati\[39mpackages\runtime\src\
app-core.ts:649:10[90m)[39m
    at 
[90mC:\Users\HP\Projects\gati\[39mtests\unit\runtime\app-core.test.ts:14:11
    at [90mfile:///C:/Users/HP/Projects/gati/[39mnode_modules/[4m.pnpm[24m/@vi
test+runner@1.6.1/node_modules/[4m@vitest[24m/runner/dist/index.js:135:14
    at [90mfile:///C:/Users/HP/Projects/gati/[39mnode_modules/[4m.pnpm[24m/@vi
test+runner@1.6.1/node_modules/[4m@vitest[24m/runner/dist/index.js:60:26
    at [90mfile:///C:/Users/HP/Projects/gati/[39mnode_modules/[4m.pnpm[24m/@vi
test+runner@1.6.1/node_modules/[4m@vitest[24m/runner/dist/index.js:700:59
    at Array.map (<anonymous>)

[90mstderr[2m | tests/unit/runtime/app-core.test.ts[2m > [22m[2mApp Core[2m 
> [22m[2mroute registration[2m > [22m[2mshould register PUT route[22m[39m
SQLiteTimelineStore failed to initialize, falling back to JSONTimelineStore: 
Error: better-sqlite3 is not installed. Please install it or use 
JSONTimelineStore.
    at new SQLiteTimelineStore [90m(C:\Users\HP\Projects\gati\[39mpackages\runti
me\src\timescape\timeline-store.ts:30:19[90m)[39m
    at 
[90mC:\Users\HP\Projects\gati\[39mpackages\runtime\src\global-context.ts:107:18
    at Module.createGlobalContext [90m(C:\Users\HP\Projects\gati\[39mpackages\ru
ntime\src\global-context.ts:112:7[90m)[39m
    at new GatiApp [90m(C:\Users\HP\Projects\gati\[39mpackages\runtime\src\app-c
ore.ts:176:17[90m)[39m
    at Module.createApp [90m(C:\Users\HP\Projects\gati\[39mpackages\runtime\src\
app-core.ts:649:10[90m)[39m
    at 
[90mC:\Users\HP\Projects\gati\[39mtests\unit\runtime\app-core.test.ts:14:11
    at [90mfile:///C:/Users/HP/Projects/gati/[39mnode_modules/[4m.pnpm[24m/@vi
test+runner@1.6.1/node_modules/[4m@vitest[24m/runner/dist/index.js:135:14
    at [90mfile:///C:/Users/HP/Projects/gati/[39mnode_modules/[4m.pnpm[24m/@vi
test+runner@1.6.1/node_modules/[4m@vitest[24m/runner/dist/index.js:60:26
    at [90mfile:///C:/Users/HP/Projects/gati/[39mnode_modules/[4m.pnpm[24m/@vi
test+runner@1.6.1/node_modules/[4m@vitest[24m/runner/dist/index.js:700:59
    at Array.map (<anonymous>)

[90mstderr[2m | tests/unit/runtime/app-core.test.ts[2m > [22m[2mApp Core[2m 
> [22m[2mroute registration[2m > [22m[2mshould register PATCH route[22m[39m
SQLiteTimelineStore failed to initialize, falling back to JSONTimelineStore: 
Error: better-sqlite3 is not installed. Please install it or use 
JSONTimelineStore.
    at new SQLiteTimelineStore [90m(C:\Users\HP\Projects\gati\[39mpackages\runti
me\src\timescape\timeline-store.ts:30:19[90m)[39m
    at 
[90mC:\Users\HP\Projects\gati\[39mpackages\runtime\src\global-context.ts:107:18
    at Module.createGlobalContext [90m(C:\Users\HP\Projects\gati\[39mpackages\ru
ntime\src\global-context.ts:112:7[90m)[39m
    at new GatiApp [90m(C:\Users\HP\Projects\gati\[39mpackages\runtime\src\app-c
ore.ts:176:17[90m)[39m
    at Module.createApp [90m(C:\Users\HP\Projects\gati\[39mpackages\runtime\src\
app-core.ts:649:10[90m)[39m
    at 
[90mC:\Users\HP\Projects\gati\[39mtests\unit\runtime\app-core.test.ts:14:11
    at [90mfile:///C:/Users/HP/Projects/gati/[39mnode_modules/[4m.pnpm[24m/@vi
test+runner@1.6.1/node_modules/[4m@vitest[24m/runner/dist/index.js:135:14
    at [90mfile:///C:/Users/HP/Projects/gati/[39mnode_modules/[4m.pnpm[24m/@vi
test+runner@1.6.1/node_modules/[4m@vitest[24m/runner/dist/index.js:60:26
    at [90mfile:///C:/Users/HP/Projects/gati/[39mnode_modules/[4m.pnpm[24m/@vi
test+runner@1.6.1/node_modules/[4m@vitest[24m/runner/dist/index.js:700:59
    at Array.map (<anonymous>)

[90mstderr[2m | tests/unit/runtime/app-core.test.ts[2m > [22m[2mApp Core[2m 
> [22m[2mroute registration[2m > [22m[2mshould register DELETE 
route[22m[39m
SQLiteTimelineStore failed to initialize, falling back to JSONTimelineStore: 
Error: better-sqlite3 is not installed. Please install it or use 
JSONTimelineStore.
    at new SQLiteTimelineStore [90m(C:\Users\HP\Projects\gati\[39mpackages\runti
me\src\timescape\timeline-store.ts:30:19[90m)[39m
    at 
[90mC:\Users\HP\Projects\gati\[39mpackages\runtime\src\global-context.ts:107:18
    at Module.createGlobalContext [90m(C:\Users\HP\Projects\gati\[39mpackages\ru
ntime\src\global-context.ts:112:7[90m)[39m
    at new GatiApp [90m(C:\Users\HP\Projects\gati\[39mpackages\runtime\src\app-c
ore.ts:176:17[90m)[39m
    at Module.createApp [90m(C:\Users\HP\Projects\gati\[39mpackages\runtime\src\
app-core.ts:649:10[90m)[39m
    at 
[90mC:\Users\HP\Projects\gati\[39mtests\unit\runtime\app-core.test.ts:14:11
    at [90mfile:///C:/Users/HP/Projects/gati/[39mnode_modules/[4m.pnpm[24m/@vi
test+runner@1.6.1/node_modules/[4m@vitest[24m/runner/dist/index.js:135:14
    at [90mfile:///C:/Users/HP/Projects/gati/[39mnode_modules/[4m.pnpm[24m/@vi
test+runner@1.6.1/node_modules/[4m@vitest[24m/runner/dist/index.js:60:26
    at [90mfile:///C:/Users/HP/Projects/gati/[39mnode_modules/[4m.pnpm[24m/@vi
test+runner@1.6.1/node_modules/[4m@vitest[24m/runner/dist/index.js:700:59
    at Array.map (<anonymous>)

[90mstderr[2m | tests/unit/runtime/app-core.test.ts[2m > [22m[2mApp Core[2m 
> [22m[2mmiddleware[2m > [22m[2mshould register middleware[22m[39m
SQLiteTimelineStore failed to initialize, falling back to JSONTimelineStore: 
Error: better-sqlite3 is not installed. Please install it or use 
JSONTimelineStore.
    at new SQLiteTimelineStore [90m(C:\Users\HP\Projects\gati\[39mpackages\runti
me\src\timescape\timeline-store.ts:30:19[90m)[39m
    at 
[90mC:\Users\HP\Projects\gati\[39mpackages\runtime\src\global-context.ts:107:18
    at Module.createGlobalContext [90m(C:\Users\HP\Projects\gati\[39mpackages\ru
ntime\src\global-context.ts:112:7[90m)[39m
    at new GatiApp [90m(C:\Users\HP\Projects\gati\[39mpackages\runtime\src\app-c
ore.ts:176:17[90m)[39m
    at Module.createApp [90m(C:\Users\HP\Projects\gati\[39mpackages\runtime\src\
app-core.ts:649:10[90m)[39m
    at 
[90mC:\Users\HP\Projects\gati\[39mtests\unit\runtime\app-core.test.ts:14:11
    at [90mfile:///C:/Users/HP/Projects/gati/[39mnode_modules/[4m.pnpm[24m/@vi
test+runner@1.6.1/node_modules/[4m@vitest[24m/runner/dist/index.js:135:14
    at [90mfile:///C:/Users/HP/Projects/gati/[39mnode_modules/[4m.pnpm[24m/@vi
test+runner@1.6.1/node_modules/[4m@vitest[24m/runner/dist/index.js:60:26
    at [90mfile:///C:/Users/HP/Projects/gati/[39mnode_modules/[4m.pnpm[24m/@vi
test+runner@1.6.1/node_modules/[4m@vitest[24m/runner/dist/index.js:700:59
    at Array.map (<anonymous>)

[90mstderr[2m | tests/unit/runtime/app-core.test.ts[2m > [22m[2mApp Core[2m 
> [22m[2mmiddleware[2m > [22m[2mshould register error middleware[22m[39m
SQLiteTimelineStore failed to initialize, falling back to JSONTimelineStore: 
Error: better-sqlite3 is not installed. Please install it or use 
JSONTimelineStore.
    at new SQLiteTimelineStore [90m(C:\Users\HP\Projects\gati\[39mpackages\runti
me\src\timescape\timeline-store.ts:30:19[90m)[39m
    at 
[90mC:\Users\HP\Projects\gati\[39mpackages\runtime\src\global-context.ts:107:18
    at Module.createGlobalContext [90m(C:\Users\HP\Projects\gati\[39mpackages\ru
ntime\src\global-context.ts:112:7[90m)[39m
    at new GatiApp [90m(C:\Users\HP\Projects\gati\[39mpackages\runtime\src\app-c
ore.ts:176:17[90m)[39m
    at Module.createApp [90m(C:\Users\HP\Projects\gati\[39mpackages\runtime\src\
app-core.ts:649:10[90m)[39m
    at 
[90mC:\Users\HP\Projects\gati\[39mtests\unit\runtime\app-core.test.ts:14:11
    at [90mfile:///C:/Users/HP/Projects/gati/[39mnode_modules/[4m.pnpm[24m/@vi
test+runner@1.6.1/node_modules/[4m@vitest[24m/runner/dist/index.js:135:14
    at [90mfile:///C:/Users/HP/Projects/gati/[39mnode_modules/[4m.pnpm[24m/@vi
test+runner@1.6.1/node_modules/[4m@vitest[24m/runner/dist/index.js:60:26
    at [90mfile:///C:/Users/HP/Projects/gati/[39mnode_modules/[4m.pnpm[24m/@vi
test+runner@1.6.1/node_modules/[4m@vitest[24m/runner/dist/index.js:700:59
    at Array.map (<anonymous>)

[90mstderr[2m | tests/unit/runtime/app-core.test.ts[2m > [22m[2mApp Core[2m 
> [22m[2mserver lifecycle[2m > [22m[2mshould start server[22m[39m
SQLiteTimelineStore failed to initialize, falling back to JSONTimelineStore: 
Error: better-sqlite3 is not installed. Please install it or use 
JSONTimelineStore.
    at new SQLiteTimelineStore [90m(C:\Users\HP\Projects\gati\[39mpackages\runti
me\src\timescape\timeline-store.ts:30:19[90m)[39m
    at 
[90mC:\Users\HP\Projects\gati\[39mpackages\runtime\src\global-context.ts:107:18
    at Module.createGlobalContext [90m(C:\Users\HP\Projects\gati\[39mpackages\ru
ntime\src\global-context.ts:112:7[90m)[39m
    at new GatiApp [90m(C:\Users\HP\Projects\gati\[39mpackages\runtime\src\app-c
ore.ts:176:17[90m)[39m
    at Module.createApp [90m(C:\Users\HP\Projects\gati\[39mpackages\runtime\src\
app-core.ts:649:10[90m)[39m
    at 
[90mC:\Users\HP\Projects\gati\[39mtests\unit\runtime\app-core.test.ts:14:11
    at [90mfile:///C:/Users/HP/Projects/gati/[39mnode_modules/[4m.pnpm[24m/@vi
test+runner@1.6.1/node_modules/[4m@vitest[24m/runner/dist/index.js:135:14
    at [90mfile:///C:/Users/HP/Projects/gati/[39mnode_modules/[4m.pnpm[24m/@vi
test+runner@1.6.1/node_modules/[4m@vitest[24m/runner/dist/index.js:60:26
    at [90mfile:///C:/Users/HP/Projects/gati/[39mnode_modules/[4m.pnpm[24m/@vi
test+runner@1.6.1/node_modules/[4m@vitest[24m/runner/dist/index.js:700:59
    at Array.map (<anonymous>)

[90mstderr[2m | tests/unit/runtime/app-core.test.ts[2m > [22m[2mApp Core[2m 
> [22m[2mserver lifecycle[2m > [22m[2mshould throw if starting already 
running server[22m[39m
SQLiteTimelineStore failed to initialize, falling back to JSONTimelineStore: 
Error: better-sqlite3 is not installed. Please install it or use 
JSONTimelineStore.
    at new SQLiteTimelineStore [90m(C:\Users\HP\Projects\gati\[39mpackages\runti
me\src\timescape\timeline-store.ts:30:19[90m)[39m
    at 
[90mC:\Users\HP\Projects\gati\[39mpackages\runtime\src\global-context.ts:107:18
    at Module.createGlobalContext [90m(C:\Users\HP\Projects\gati\[39mpackages\ru
ntime\src\global-context.ts:112:7[90m)[39m
    at new GatiApp [90m(C:\Users\HP\Projects\gati\[39mpackages\runtime\src\app-c
ore.ts:176:17[90m)[39m
    at Module.createApp [90m(C:\Users\HP\Projects\gati\[39mpackages\runtime\src\
app-core.ts:649:10[90m)[39m
    at 
[90mC:\Users\HP\Projects\gati\[39mtests\unit\runtime\app-core.test.ts:14:11
    at [90mfile:///C:/Users/HP/Projects/gati/[39mnode_modules/[4m.pnpm[24m/@vi
test+runner@1.6.1/node_modules/[4m@vitest[24m/runner/dist/index.js:135:14
    at [90mfile:///C:/Users/HP/Projects/gati/[39mnode_modules/[4m.pnpm[24m/@vi
test+runner@1.6.1/node_modules/[4m@vitest[24m/runner/dist/index.js:60:26
    at [90mfile:///C:/Users/HP/Projects/gati/[39mnode_modules/[4m.pnpm[24m/@vi
test+runner@1.6.1/node_modules/[4m@vitest[24m/runner/dist/index.js:700:59
    at Array.map (<anonymous>)

[90mstderr[2m | tests/unit/runtime/app-core.test.ts[2m > [22m[2mApp Core[2m 
> [22m[2mserver lifecycle[2m > [22m[2mshould stop server[22m[39m
SQLiteTimelineStore failed to initialize, falling back to JSONTimelineStore: 
Error: better-sqlite3 is not installed. Please install it or use 
JSONTimelineStore.
    at new SQLiteTimelineStore [90m(C:\Users\HP\Projects\gati\[39mpackages\runti
me\src\timescape\timeline-store.ts:30:19[90m)[39m
    at 
[90mC:\Users\HP\Projects\gati\[39mpackages\runtime\src\global-context.ts:107:18
    at Module.createGlobalContext [90m(C:\Users\HP\Projects\gati\[39mpackages\ru
ntime\src\global-context.ts:112:7[90m)[39m
    at new GatiApp [90m(C:\Users\HP\Projects\gati\[39mpackages\runtime\src\app-c
ore.ts:176:17[90m)[39m
    at Module.createApp [90m(C:\Users\HP\Projects\gati\[39mpackages\runtime\src\
app-core.ts:649:10[90m)[39m
    at 
[90mC:\Users\HP\Projects\gati\[39mtests\unit\runtime\app-core.test.ts:14:11
    at [90mfile:///C:/Users/HP/Projects/gati/[39mnode_modules/[4m.pnpm[24m/@vi
test+runner@1.6.1/node_modules/[4m@vitest[24m/runner/dist/index.js:135:14
    at [90mfile:///C:/Users/HP/Projects/gati/[39mnode_modules/[4m.pnpm[24m/@vi
test+runner@1.6.1/node_modules/[4m@vitest[24m/runner/dist/index.js:60:26
    at [90mfile:///C:/Users/HP/Projects/gati/[39mnode_modules/[4m.pnpm[24m/@vi
test+runner@1.6.1/node_modules/[4m@vitest[24m/runner/dist/index.js:700:59
    at Array.map (<anonymous>)

[90mstderr[2m | tests/unit/runtime/app-core.test.ts[2m > [22m[2mApp Core[2m 
> [22m[2mserver lifecycle[2m > [22m[2mshould handle multiple close calls 
gracefully[22m[39m
SQLiteTimelineStore failed to initialize, falling back to JSONTimelineStore: 
Error: better-sqlite3 is not installed. Please install it or use 
JSONTimelineStore.
    at new SQLiteTimelineStore [90m(C:\Users\HP\Projects\gati\[39mpackages\runti
me\src\timescape\timeline-store.ts:30:19[90m)[39m
    at 
[90mC:\Users\HP\Projects\gati\[39mpackages\runtime\src\global-context.ts:107:18
    at Module.createGlobalContext [90m(C:\Users\HP\Projects\gati\[39mpackages\ru
ntime\src\global-context.ts:112:7[90m)[39m
    at new GatiApp [90m(C:\Users\HP\Projects\gati\[39mpackages\runtime\src\app-c
ore.ts:176:17[90m)[39m
    at Module.createApp [90m(C:\Users\HP\Projects\gati\[39mpackages\runtime\src\
app-core.ts:649:10[90m)[39m
    at 
[90mC:\Users\HP\Projects\gati\[39mtests\unit\runtime\app-core.test.ts:14:11
    at [90mfile:///C:/Users/HP/Projects/gati/[39mnode_modules/[4m.pnpm[24m/@vi
test+runner@1.6.1/node_modules/[4m@vitest[24m/runner/dist/index.js:135:14
    at [90mfile:///C:/Users/HP/Projects/gati/[39mnode_modules/[4m.pnpm[24m/@vi
test+runner@1.6.1/node_modules/[4m@vitest[24m/runner/dist/index.js:60:26
    at [90mfile:///C:/Users/HP/Projects/gati/[39mnode_modules/[4m.pnpm[24m/@vi
test+runner@1.6.1/node_modules/[4m@vitest[24m/runner/dist/index.js:700:59
    at Array.map (<anonymous>)

[90mstderr[2m | tests/unit/runtime/app-core.test.ts[2m > [22m[2mApp Core[2m 
> [22m[2mrequest handling[2m > [22m[2mshould handle GET request[22m[39m
SQLiteTimelineStore failed to initialize, falling back to JSONTimelineStore: 
Error: better-sqlite3 is not installed. Please install it or use 
JSONTimelineStore.
    at new SQLiteTimelineStore [90m(C:\Users\HP\Projects\gati\[39mpackages\runti
me\src\timescape\timeline-store.ts:30:19[90m)[39m
    at 
[90mC:\Users\HP\Projects\gati\[39mpackages\runtime\src\global-context.ts:107:18
    at Module.createGlobalContext [90m(C:\Users\HP\Projects\gati\[39mpackages\ru
ntime\src\global-context.ts:112:7[90m)[39m
    at new GatiApp [90m(C:\Users\HP\Projects\gati\[39mpackages\runtime\src\app-c
ore.ts:176:17[90m)[39m
    at Module.createApp [90m(C:\Users\HP\Projects\gati\[39mpackages\runtime\src\
app-core.ts:649:10[90m)[39m
    at 
[90mC:\Users\HP\Projects\gati\[39mtests\unit\runtime\app-core.test.ts:14:11
    at [90mfile:///C:/Users/HP/Projects/gati/[39mnode_modules/[4m.pnpm[24m/@vi
test+runner@1.6.1/node_modules/[4m@vitest[24m/runner/dist/index.js:135:14
    at [90mfile:///C:/Users/HP/Projects/gati/[39mnode_modules/[4m.pnpm[24m/@vi
test+runner@1.6.1/node_modules/[4m@vitest[24m/runner/dist/index.js:60:26
    at [90mfile:///C:/Users/HP/Projects/gati/[39mnode_modules/[4m.pnpm[24m/@vi
test+runner@1.6.1/node_modules/[4m@vitest[24m/runner/dist/index.js:700:59
    at Array.map (<anonymous>)

[90mstderr[2m | tests/unit/runtime/app-core.test.ts[2m > [22m[2mApp Core[2m 
> [22m[2mrequest handling[2m > [22m[2mshould return 404 for unknown 
route[22m[39m
SQLiteTimelineStore failed to initialize, falling back to JSONTimelineStore: 
Error: better-sqlite3 is not installed. Please install it or use 
JSONTimelineStore.
    at new SQLiteTimelineStore [90m(C:\Users\HP\Projects\gati\[39mpackages\runti
me\src\timescape\timeline-store.ts:30:19[90m)[39m
    at 
[90mC:\Users\HP\Projects\gati\[39mpackages\runtime\src\global-context.ts:107:18
    at Module.createGlobalContext [90m(C:\Users\HP\Projects\gati\[39mpackages\ru
ntime\src\global-context.ts:112:7[90m)[39m
    at new GatiApp [90m(C:\Users\HP\Projects\gati\[39mpackages\runtime\src\app-c
ore.ts:176:17[90m)[39m
    at Module.createApp [90m(C:\Users\HP\Projects\gati\[39mpackages\runtime\src\
app-core.ts:649:10[90m)[39m
    at 
[90mC:\Users\HP\Projects\gati\[39mtests\unit\runtime\app-core.test.ts:14:11
    at [90mfile:///C:/Users/HP/Projects/gati/[39mnode_modules/[4m.pnpm[24m/@vi
test+runner@1.6.1/node_modules/[4m@vitest[24m/runner/dist/index.js:135:14
    at [90mfile:///C:/Users/HP/Projects/gati/[39mnode_modules/[4m.pnpm[24m/@vi
test+runner@1.6.1/node_modules/[4m@vitest[24m/runner/dist/index.js:60:26
    at [90mfile:///C:/Users/HP/Projects/gati/[39mnode_modules/[4m.pnpm[24m/@vi
test+runner@1.6.1/node_modules/[4m@vitest[24m/runner/dist/index.js:700:59
    at Array.map (<anonymous>)

[90mstderr[2m | tests/unit/runtime/app-core.test.ts[2m > [22m[2mApp Core[2m 
> [22m[2mrequest handling[2m > [22m[2mshould handle path parameters[22m[39m
SQLiteTimelineStore failed to initialize, falling back to JSONTimelineStore: 
Error: better-sqlite3 is not installed. Please install it or use 
JSONTimelineStore.
    at new SQLiteTimelineStore [90m(C:\Users\HP\Projects\gati\[39mpackages\runti
me\src\timescape\timeline-store.ts:30:19[90m)[39m
    at 
[90mC:\Users\HP\Projects\gati\[39mpackages\runtime\src\global-context.ts:107:18
    at Module.createGlobalContext [90m(C:\Users\HP\Projects\gati\[39mpackages\ru
ntime\src\global-context.ts:112:7[90m)[39m
    at new GatiApp [90m(C:\Users\HP\Projects\gati\[39mpackages\runtime\src\app-c
ore.ts:176:17[90m)[39m
    at Module.createApp [90m(C:\Users\HP\Projects\gati\[39mpackages\runtime\src\
app-core.ts:649:10[90m)[39m
    at 
[90mC:\Users\HP\Projects\gati\[39mtests\unit\runtime\app-core.test.ts:14:11
    at [90mfile:///C:/Users/HP/Projects/gati/[39mnode_modules/[4m.pnpm[24m/@vi
test+runner@1.6.1/node_modules/[4m@vitest[24m/runner/dist/index.js:135:14
    at [90mfile:///C:/Users/HP/Projects/gati/[39mnode_modules/[4m.pnpm[24m/@vi
test+runner@1.6.1/node_modules/[4m@vitest[24m/runner/dist/index.js:60:26
    at [90mfile:///C:/Users/HP/Projects/gati/[39mnode_modules/[4m.pnpm[24m/@vi
test+runner@1.6.1/node_modules/[4m@vitest[24m/runner/dist/index.js:700:59
    at Array.map (<anonymous>)

[90mstderr[2m | tests/unit/runtime/app-core.test.ts[2m > [22m[2mApp Core[2m 
> [22m[2mrequest handling[2m > [22m[2mshould execute middleware before 
handler[22m[39m
SQLiteTimelineStore failed to initialize, falling back to JSONTimelineStore: 
Error: better-sqlite3 is not installed. Please install it or use 
JSONTimelineStore.
    at new SQLiteTimelineStore [90m(C:\Users\HP\Projects\gati\[39mpackages\runti
me\src\timescape\timeline-store.ts:30:19[90m)[39m
    at 
[90mC:\Users\HP\Projects\gati\[39mpackages\runtime\src\global-context.ts:107:18
    at Module.createGlobalContext [90m(C:\Users\HP\Projects\gati\[39mpackages\ru
ntime\src\global-context.ts:112:7[90m)[39m
    at new GatiApp [90m(C:\Users\HP\Projects\gati\[39mpackages\runtime\src\app-c
ore.ts:176:17[90m)[39m
    at Module.createApp [90m(C:\Users\HP\Projects\gati\[39mpackages\runtime\src\
app-core.ts:649:10[90m)[39m
    at 
[90mC:\Users\HP\Projects\gati\[39mtests\unit\runtime\app-core.test.ts:14:11
    at [90mfile:///C:/Users/HP/Projects/gati/[39mnode_modules/[4m.pnpm[24m/@vi
test+runner@1.6.1/node_modules/[4m@vitest[24m/runner/dist/index.js:135:14
    at [90mfile:///C:/Users/HP/Projects/gati/[39mnode_modules/[4m.pnpm[24m/@vi
test+runner@1.6.1/node_modules/[4m@vitest[24m/runner/dist/index.js:60:26
    at [90mfile:///C:/Users/HP/Projects/gati/[39mnode_modules/[4m.pnpm[24m/@vi
test+runner@1.6.1/node_modules/[4m@vitest[24m/runner/dist/index.js:700:59
    at Array.map (<anonymous>)

[90mstderr[2m | tests/unit/runtime/app-core.test.ts[2m > [22m[2mApp Core[2m 
> [22m[2mrequest handling[2m > [22m[2mshould handle errors in 
handlers[22m[39m
SQLiteTimelineStore failed to initialize, falling back to JSONTimelineStore: 
Error: better-sqlite3 is not installed. Please install it or use 
JSONTimelineStore.
    at new SQLiteTimelineStore [90m(C:\Users\HP\Projects\gati\[39mpackages\runti
me\src\timescape\timeline-store.ts:30:19[90m)[39m
    at 
[90mC:\Users\HP\Projects\gati\[39mpackages\runtime\src\global-context.ts:107:18
    at Module.createGlobalContext [90m(C:\Users\HP\Projects\gati\[39mpackages\ru
ntime\src\global-context.ts:112:7[90m)[39m
    at new GatiApp [90m(C:\Users\HP\Projects\gati\[39mpackages\runtime\src\app-c
ore.ts:176:17[90m)[39m
    at Module.createApp [90m(C:\Users\HP\Projects\gati\[39mpackages\runtime\src\
app-core.ts:649:10[90m)[39m
    at 
[90mC:\Users\HP\Projects\gati\[39mtests\unit\runtime\app-core.test.ts:14:11
    at [90mfile:///C:/Users/HP/Projects/gati/[39mnode_modules/[4m.pnpm[24m/@vi
test+runner@1.6.1/node_modules/[4m@vitest[24m/runner/dist/index.js:135:14
    at [90mfile:///C:/Users/HP/Projects/gati/[39mnode_modules/[4m.pnpm[24m/@vi
test+runner@1.6.1/node_modules/[4m@vitest[24m/runner/dist/index.js:60:26
    at [90mfile:///C:/Users/HP/Projects/gati/[39mnode_modules/[4m.pnpm[24m/@vi
test+runner@1.6.1/node_modules/[4m@vitest[24m/runner/dist/index.js:700:59
    at Array.map (<anonymous>)

[90mstderr[2m | tests/unit/runtime/app-core.test.ts[2m > [22m[2mApp Core[2m 
> [22m[2mrequest handling[2m > [22m[2mshould handle POST requests with 
different handlers[22m[39m
SQLiteTimelineStore failed to initialize, falling back to JSONTimelineStore: 
Error: better-sqlite3 is not installed. Please install it or use 
JSONTimelineStore.
    at new SQLiteTimelineStore [90m(C:\Users\HP\Projects\gati\[39mpackages\runti
me\src\timescape\timeline-store.ts:30:19[90m)[39m
    at 
[90mC:\Users\HP\Projects\gati\[39mpackages\runtime\src\global-context.ts:107:18
    at Module.createGlobalContext [90m(C:\Users\HP\Projects\gati\[39mpackages\ru
ntime\src\global-context.ts:112:7[90m)[39m
    at new GatiApp [90m(C:\Users\HP\Projects\gati\[39mpackages\runtime\src\app-c
ore.ts:176:17[90m)[39m
    at Module.createApp [90m(C:\Users\HP\Projects\gati\[39mpackages\runtime\src\
app-core.ts:649:10[90m)[39m
    at 
[90mC:\Users\HP\Projects\gati\[39mtests\unit\runtime\app-core.test.ts:14:11
    at [90mfile:///C:/Users/HP/Projects/gati/[39mnode_modules/[4m.pnpm[24m/@vi
test+runner@1.6.1/node_modules/[4m@vitest[24m/runner/dist/index.js:135:14
    at [90mfile:///C:/Users/HP/Projects/gati/[39mnode_modules/[4m.pnpm[24m/@vi
test+runner@1.6.1/node_modules/[4m@vitest[24m/runner/dist/index.js:60:26
    at [90mfile:///C:/Users/HP/Projects/gati/[39mnode_modules/[4m.pnpm[24m/@vi
test+runner@1.6.1/node_modules/[4m@vitest[24m/runner/dist/index.js:700:59
    at Array.map (<anonymous>)

[90mstderr[2m | tests/unit/runtime/app-core.test.ts[2m > [22m[2mApp Core[2m 
> [22m[2merror handling[2m > [22m[2mshould handle errors through error 
middleware[22m[39m
SQLiteTimelineStore failed to initialize, falling back to JSONTimelineStore: 
Error: better-sqlite3 is not installed. Please install it or use 
JSONTimelineStore.
    at new SQLiteTimelineStore [90m(C:\Users\HP\Projects\gati\[39mpackages\runti
me\src\timescape\timeline-store.ts:30:19[90m)[39m
    at 
[90mC:\Users\HP\Projects\gati\[39mpackages\runtime\src\global-context.ts:107:18
    at Module.createGlobalContext [90m(C:\Users\HP\Projects\gati\[39mpackages\ru
ntime\src\global-context.ts:112:7[90m)[39m
    at new GatiApp [90m(C:\Users\HP\Projects\gati\[39mpackages\runtime\src\app-c
ore.ts:176:17[90m)[39m
    at Module.createApp [90m(C:\Users\HP\Projects\gati\[39mpackages\runtime\src\
app-core.ts:649:10[90m)[39m
    at 
[90mC:\Users\HP\Projects\gati\[39mtests\unit\runtime\app-core.test.ts:14:11
    at [90mfile:///C:/Users/HP/Projects/gati/[39mnode_modules/[4m.pnpm[24m/@vi
test+runner@1.6.1/node_modules/[4m@vitest[24m/runner/dist/index.js:135:14
    at [90mfile:///C:/Users/HP/Projects/gati/[39mnode_modules/[4m.pnpm[24m/@vi
test+runner@1.6.1/node_modules/[4m@vitest[24m/runner/dist/index.js:60:26
    at [90mfile:///C:/Users/HP/Projects/gati/[39mnode_modules/[4m.pnpm[24m/@vi
test+runner@1.6.1/node_modules/[4m@vitest[24m/runner/dist/index.js:700:59
    at Array.map (<anonymous>)

[90mstderr[2m | tests/unit/runtime/app-core.test.ts[2m > [22m[2mApp Core[2m 
> [22m[2mgraceful shutdown[2m > [22m[2mshould close server 
gracefully[22m[39m
SQLiteTimelineStore failed to initialize, falling back to JSONTimelineStore: 
Error: better-sqlite3 is not installed. Please install it or use 
JSONTimelineStore.
    at new SQLiteTimelineStore [90m(C:\Users\HP\Projects\gati\[39mpackages\runti
me\src\timescape\timeline-store.ts:30:19[90m)[39m
    at 
[90mC:\Users\HP\Projects\gati\[39mpackages\runtime\src\global-context.ts:107:18
    at Module.createGlobalContext [90m(C:\Users\HP\Projects\gati\[39mpackages\ru
ntime\src\global-context.ts:112:7[90m)[39m
    at new GatiApp [90m(C:\Users\HP\Projects\gati\[39mpackages\runtime\src\app-c
ore.ts:176:17[90m)[39m
    at Module.createApp [90m(C:\Users\HP\Projects\gati\[39mpackages\runtime\src\
app-core.ts:649:10[90m)[39m
    at 
[90mC:\Users\HP\Projects\gati\[39mtests\unit\runtime\app-core.test.ts:14:11
    at [90mfile:///C:/Users/HP/Projects/gati/[39mnode_modules/[4m.pnpm[24m/@vi
test+runner@1.6.1/node_modules/[4m@vitest[24m/runner/dist/index.js:135:14
    at [90mfile:///C:/Users/HP/Projects/gati/[39mnode_modules/[4m.pnpm[24m/@vi
test+runner@1.6.1/node_modules/[4m@vitest[24m/runner/dist/index.js:60:26
    at [90mfile:///C:/Users/HP/Projects/gati/[39mnode_modules/[4m.pnpm[24m/@vi
test+runner@1.6.1/node_modules/[4m@vitest[24m/runner/dist/index.js:700:59
    at Array.map (<anonymous>)

 [32mΓ£ô[39m tests/unit/runtime/app-core.test.ts [2m ([22m[2m22 tests[22m[2m)[22m[33m 1722[2mms[22m[39m
 [32mΓ£ô[39m tests/unit/cli/utils/validator.test.ts [2m ([22m[2m11 tests[22m[2m)[22m[33m 478[2mms[22m[39m
 [32mΓ£ô[39m tests/unit/cli/watcher.test.ts [2m ([22m[2m7 tests[22m [2m|[22m [33m3 skipped[39m[2m)[22m[33m 4380[2mms[22m[39m
[90mstderr[2m | tests/unit/runtime/global-context.test.ts[2m > 
[22m[2mGlobalContext[2m > [22m[2mcreateGlobalContext[2m > [22m[2mshould 
create a global context with default values[22m[39m
SQLiteTimelineStore failed to initialize, falling back to JSONTimelineStore: 
Error: better-sqlite3 is not installed. Please install it or use 
JSONTimelineStore.
    at new SQLiteTimelineStore [90m(C:\Users\HP\Projects\gati\[39mpackages\runti
me\src\timescape\timeline-store.ts:30:19[90m)[39m
    at 
[90mC:\Users\HP\Projects\gati\[39mpackages\runtime\src\global-context.ts:107:18
    at Module.createGlobalContext [90m(C:\Users\HP\Projects\gati\[39mpackages\ru
ntime\src\global-context.ts:112:7[90m)[39m
    at [90mC:\Users\HP\Projects\gati\[39mtests\unit\runtime\global-context.test.
ts:18:12
    at [90mfile:///C:/Users/HP/Projects/gati/[39mnode_modules/[4m.pnpm[24m/@vi
test+runner@1.6.1/node_modules/[4m@vitest[24m/runner/dist/index.js:135:14
    at [90mfile:///C:/Users/HP/Projects/gati/[39mnode_modules/[4m.pnpm[24m/@vi
test+runner@1.6.1/node_modules/[4m@vitest[24m/runner/dist/index.js:60:26
    at [90mfile:///C:/Users/HP/Projects/gati/[39mnode_modules/[4m.pnpm[24m/@vi
test+runner@1.6.1/node_modules/[4m@vitest[24m/runner/dist/index.js:700:59
    at Array.map (<anonymous>)
    at callSuiteHook [90m(file:///C:/Users/HP/Projects/gati/[39mnode_modules/[4
m.pnpm[24m/@vitest+runner@1.6.1/node_modules/[4m@vitest[24m/runner/dist/index.j
s:700:47[90m)[39m
    at callSuiteHook [90m(file:///C:/Users/HP/Projects/gati/[39mnode_modules/[4
m.pnpm[24m/@vitest+runner@1.6.1/node_modules/[4m@vitest[24m/runner/dist/index.j
s:694:10[90m)[39m

[90mstderr[2m | tests/unit/runtime/global-context.test.ts[2m > 
[22m[2mGlobalContext[2m > [22m[2mcreateGlobalContext[2m > [22m[2mshould 
create a global context with provided options[22m[39m
SQLiteTimelineStore failed to initialize, falling back to JSONTimelineStore: 
Error: better-sqlite3 is not installed. Please install it or use 
JSONTimelineStore.
    at new SQLiteTimelineStore [90m(C:\Users\HP\Projects\gati\[39mpackages\runti
me\src\timescape\timeline-store.ts:30:19[90m)[39m
    at 
[90mC:\Users\HP\Projects\gati\[39mpackages\runtime\src\global-context.ts:107:18
    at Module.createGlobalContext [90m(C:\Users\HP\Projects\gati\[39mpackages\ru
ntime\src\global-context.ts:112:7[90m)[39m
    at [90mC:\Users\HP\Projects\gati\[39mtests\unit\runtime\global-context.test.
ts:18:12
    at [90mfile:///C:/Users/HP/Projects/gati/[39mnode_modules/[4m.pnpm[24m/@vi
test+runner@1.6.1/node_modules/[4m@vitest[24m/runner/dist/index.js:135:14
    at [90mfile:///C:/Users/HP/Projects/gati/[39mnode_modules/[4m.pnpm[24m/@vi
test+runner@1.6.1/node_modules/[4m@vitest[24m/runner/dist/index.js:60:26
    at [90mfile:///C:/Users/HP/Projects/gati/[39mnode_modules/[4m.pnpm[24m/@vi
test+runner@1.6.1/node_modules/[4m@vitest[24m/runner/dist/index.js:700:59
    at Array.map (<anonymous>)
    at callSuiteHook [90m(file:///C:/Users/HP/Projects/gati/[39mnode_modules/[4
m.pnpm[24m/@vitest+runner@1.6.1/node_modules/[4m@vitest[24m/runner/dist/index.j
s:700:47[90m)[39m
    at callSuiteHook [90m(file:///C:/Users/HP/Projects/gati/[39mnode_modules/[4
m.pnpm[24m/@vitest+runner@1.6.1/node_modules/[4m@vitest[24m/runner/dist/index.j
s:694:10[90m)[39m
SQLiteTimelineStore failed to initialize, falling back to JSONTimelineStore: 
Error: better-sqlite3 is not installed. Please install it or use 
JSONTimelineStore.
    at new SQLiteTimelineStore [90m(C:\Users\HP\Projects\gati\[39mpackages\runti
me\src\timescape\timeline-store.ts:30:19[90m)[39m
    at 
[90mC:\Users\HP\Projects\gati\[39mpackages\runtime\src\global-context.ts:107:18
    at Module.createGlobalContext [90m(C:\Users\HP\Projects\gati\[39mpackages\ru
ntime\src\global-context.ts:112:7[90m)[39m
    at [90mC:\Users\HP\Projects\gati\[39mtests\unit\runtime\global-context.test.
ts:37:14
    at [90mfile:///C:/Users/HP/Projects/gati/[39mnode_modules/[4m.pnpm[24m/@vi
test+runner@1.6.1/node_modules/[4m@vitest[24m/runner/dist/index.js:135:14
    at [90mfile:///C:/Users/HP/Projects/gati/[39mnode_modules/[4m.pnpm[24m/@vi
test+runner@1.6.1/node_modules/[4m@vitest[24m/runner/dist/index.js:60:26
    at runTest [90m(file:///C:/Users/HP/Projects/gati/[39mnode_modules/[4m.pnpm
[24m/@vitest+runner@1.6.1/node_modules/[4m@vitest[24m/runner/dist/index.js:781:
17[90m)[39m
    at runSuite [90m(file:///C:/Users/HP/Projects/gati/[39mnode_modules/[4m.pnp
m[24m/@vitest+runner@1.6.1/node_modules/[4m@vitest[24m/runner/dist/index.js:909
:15[90m)[39m
    at runSuite [90m(file:///C:/Users/HP/Projects/gati/[39mnode_modules/[4m.pnp
m[24m/@vitest+runner@1.6.1/node_modules/[4m@vitest[24m/runner/dist/index.js:909
:15[90m)[39m
    at runSuite [90m(file:///C:/Users/HP/Projects/gati/[39mnode_modules/[4m.pnp
m[24m/@vitest+runner@1.6.1/node_modules/[4m@vitest[24m/runner/dist/index.js:909
:15[90m)[39m

[90mstderr[2m | tests/unit/runtime/global-context.test.ts[2m > 
[22m[2mGlobalContext[2m > [22m[2mcreateGlobalContext[2m > [22m[2mshould 
initialize isShuttingDown as false[22m[39m
SQLiteTimelineStore failed to initialize, falling back to JSONTimelineStore: 
Error: better-sqlite3 is not installed. Please install it or use 
JSONTimelineStore.
    at new SQLiteTimelineStore [90m(C:\Users\HP\Projects\gati\[39mpackages\runti
me\src\timescape\timeline-store.ts:30:19[90m)[39m
    at 
[90mC:\Users\HP\Projects\gati\[39mpackages\runtime\src\global-context.ts:107:18
    at Module.createGlobalContext [90m(C:\Users\HP\Projects\gati\[39mpackages\ru
ntime\src\global-context.ts:112:7[90m)[39m
    at [90mC:\Users\HP\Projects\gati\[39mtests\unit\runtime\global-context.test.
ts:18:12
    at [90mfile:///C:/Users/HP/Projects/gati/[39mnode_modules/[4m.pnpm[24m/@vi
test+runner@1.6.1/node_modules/[4m@vitest[24m/runner/dist/index.js:135:14
    at [90mfile:///C:/Users/HP/Projects/gati/[39mnode_modules/[4m.pnpm[24m/@vi
test+runner@1.6.1/node_modules/[4m@vitest[24m/runner/dist/index.js:60:26
    at [90mfile:///C:/Users/HP/Projects/gati/[39mnode_modules/[4m.pnpm[24m/@vi
test+runner@1.6.1/node_modules/[4m@vitest[24m/runner/dist/index.js:700:59
    at Array.map (<anonymous>)
    at callSuiteHook [90m(file:///C:/Users/HP/Projects/gati/[39mnode_modules/[4
m.pnpm[24m/@vitest+runner@1.6.1/node_modules/[4m@vitest[24m/runner/dist/index.j
s:700:47[90m)[39m
    at callSuiteHook [90m(file:///C:/Users/HP/Projects/gati/[39mnode_modules/[4
m.pnpm[24m/@vitest+runner@1.6.1/node_modules/[4m@vitest[24m/runner/dist/index.j
s:694:10[90m)[39m

[90mstderr[2m | tests/unit/runtime/global-context.test.ts[2m > 
[22m[2mGlobalContext[2m > [22m[2mregisterModule[2m > [22m[2mshould 
register a module in global context[22m[39m
SQLiteTimelineStore failed to initialize, falling back to JSONTimelineStore: 
Error: better-sqlite3 is not installed. Please install it or use 
JSONTimelineStore.
    at new SQLiteTimelineStore [90m(C:\Users\HP\Projects\gati\[39mpackages\runti
me\src\timescape\timeline-store.ts:30:19[90m)[39m
    at 
[90mC:\Users\HP\Projects\gati\[39mpackages\runtime\src\global-context.ts:107:18
    at Module.createGlobalContext [90m(C:\Users\HP\Projects\gati\[39mpackages\ru
ntime\src\global-context.ts:112:7[90m)[39m
    at [90mC:\Users\HP\Projects\gati\[39mtests\unit\runtime\global-context.test.
ts:18:12
    at [90mfile:///C:/Users/HP/Projects/gati/[39mnode_modules/[4m.pnpm[24m/@vi
test+runner@1.6.1/node_modules/[4m@vitest[24m/runner/dist/index.js:135:14
    at [90mfile:///C:/Users/HP/Projects/gati/[39mnode_modules/[4m.pnpm[24m/@vi
test+runner@1.6.1/node_modules/[4m@vitest[24m/runner/dist/index.js:60:26
    at [90mfile:///C:/Users/HP/Projects/gati/[39mnode_modules/[4m.pnpm[24m/@vi
test+runner@1.6.1/node_modules/[4m@vitest[24m/runner/dist/index.js:700:59
    at Array.map (<anonymous>)
    at callSuiteHook [90m(file:///C:/Users/HP/Projects/gati/[39mnode_modules/[4
m.pnpm[24m/@vitest+runner@1.6.1/node_modules/[4m@vitest[24m/runner/dist/index.j
s:700:47[90m)[39m
    at callSuiteHook [90m(file:///C:/Users/HP/Projects/gati/[39mnode_modules/[4
m.pnpm[24m/@vitest+runner@1.6.1/node_modules/[4m@vitest[24m/runner/dist/index.j
s:694:10[90m)[39m

[90mstderr[2m | tests/unit/runtime/global-context.test.ts[2m > 
[22m[2mGlobalContext[2m > [22m[2mregisterModule[2m > [22m[2mshould throw 
error if module already exists[22m[39m
SQLiteTimelineStore failed to initialize, falling back to JSONTimelineStore: 
Error: better-sqlite3 is not installed. Please install it or use 
JSONTimelineStore.
    at new SQLiteTimelineStore [90m(C:\Users\HP\Projects\gati\[39mpackages\runti
me\src\timescape\timeline-store.ts:30:19[90m)[39m
    at 
[90mC:\Users\HP\Projects\gati\[39mpackages\runtime\src\global-context.ts:107:18
    at Module.createGlobalContext [90m(C:\Users\HP\Projects\gati\[39mpackages\ru
ntime\src\global-context.ts:112:7[90m)[39m
    at [90mC:\Users\HP\Projects\gati\[39mtests\unit\runtime\global-context.test.
ts:18:12
    at [90mfile:///C:/Users/HP/Projects/gati/[39mnode_modules/[4m.pnpm[24m/@vi
test+runner@1.6.1/node_modules/[4m@vitest[24m/runner/dist/index.js:135:14
    at [90mfile:///C:/Users/HP/Projects/gati/[39mnode_modules/[4m.pnpm[24m/@vi
test+runner@1.6.1/node_modules/[4m@vitest[24m/runner/dist/index.js:60:26
    at [90mfile:///C:/Users/HP/Projects/gati/[39mnode_modules/[4m.pnpm[24m/@vi
test+runner@1.6.1/node_modules/[4m@vitest[24m/runner/dist/index.js:700:59
    at Array.map (<anonymous>)
    at callSuiteHook [90m(file:///C:/Users/HP/Projects/gati/[39mnode_modules/[4
m.pnpm[24m/@vitest+runner@1.6.1/node_modules/[4m@vitest[24m/runner/dist/index.j
s:700:47[90m)[39m
    at callSuiteHook [90m(file:///C:/Users/HP/Projects/gati/[39mnode_modules/[4
m.pnpm[24m/@vitest+runner@1.6.1/node_modules/[4m@vitest[24m/runner/dist/index.j
s:694:10[90m)[39m

[90mstderr[2m | tests/unit/runtime/global-context.test.ts[2m > 
[22m[2mGlobalContext[2m > [22m[2mgetModule[2m > [22m[2mshould retrieve a 
registered module[22m[39m
SQLiteTimelineStore failed to initialize, falling back to JSONTimelineStore: 
Error: better-sqlite3 is not installed. Please install it or use 
JSONTimelineStore.
    at new SQLiteTimelineStore [90m(C:\Users\HP\Projects\gati\[39mpackages\runti
me\src\timescape\timeline-store.ts:30:19[90m)[39m
    at 
[90mC:\Users\HP\Projects\gati\[39mpackages\runtime\src\global-context.ts:107:18
    at Module.createGlobalContext [90m(C:\Users\HP\Projects\gati\[39mpackages\ru
ntime\src\global-context.ts:112:7[90m)[39m
    at [90mC:\Users\HP\Projects\gati\[39mtests\unit\runtime\global-context.test.
ts:18:12
    at [90mfile:///C:/Users/HP/Projects/gati/[39mnode_modules/[4m.pnpm[24m/@vi
test+runner@1.6.1/node_modules/[4m@vitest[24m/runner/dist/index.js:135:14
    at [90mfile:///C:/Users/HP/Projects/gati/[39mnode_modules/[4m.pnpm[24m/@vi
test+runner@1.6.1/node_modules/[4m@vitest[24m/runner/dist/index.js:60:26
    at [90mfile:///C:/Users/HP/Projects/gati/[39mnode_modules/[4m.pnpm[24m/@vi
test+runner@1.6.1/node_modules/[4m@vitest[24m/runner/dist/index.js:700:59
    at Array.map (<anonymous>)
    at callSuiteHook [90m(file:///C:/Users/HP/Projects/gati/[39mnode_modules/[4
m.pnpm[24m/@vitest+runner@1.6.1/node_modules/[4m@vitest[24m/runner/dist/index.j
s:700:47[90m)[39m
    at callSuiteHook [90m(file:///C:/Users/HP/Projects/gati/[39mnode_modules/[4
m.pnpm[24m/@vitest+runner@1.6.1/node_modules/[4m@vitest[24m/runner/dist/index.j
s:694:10[90m)[39m

[90mstderr[2m | tests/unit/runtime/global-context.test.ts[2m > 
[22m[2mGlobalContext[2m > [22m[2mgetModule[2m > [22m[2mshould return 
undefined for non-existent module[22m[39m
SQLiteTimelineStore failed to initialize, falling back to JSONTimelineStore: 
Error: better-sqlite3 is not installed. Please install it or use 
JSONTimelineStore.
    at new SQLiteTimelineStore [90m(C:\Users\HP\Projects\gati\[39mpackages\runti
me\src\timescape\timeline-store.ts:30:19[90m)[39m
    at 
[90mC:\Users\HP\Projects\gati\[39mpackages\runtime\src\global-context.ts:107:18
    at Module.createGlobalContext [90m(C:\Users\HP\Projects\gati\[39mpackages\ru
ntime\src\global-context.ts:112:7[90m)[39m
    at [90mC:\Users\HP\Projects\gati\[39mtests\unit\runtime\global-context.test.
ts:18:12
    at [90mfile:///C:/Users/HP/Projects/gati/[39mnode_modules/[4m.pnpm[24m/@vi
test+runner@1.6.1/node_modules/[4m@vitest[24m/runner/dist/index.js:135:14
    at [90mfile:///C:/Users/HP/Projects/gati/[39mnode_modules/[4m.pnpm[24m/@vi
test+runner@1.6.1/node_modules/[4m@vitest[24m/runner/dist/index.js:60:26
    at [90mfile:///C:/Users/HP/Projects/gati/[39mnode_modules/[4m.pnpm[24m/@vi
test+runner@1.6.1/node_modules/[4m@vitest[24m/runner/dist/index.js:700:59
    at Array.map (<anonymous>)
    at callSuiteHook [90m(file:///C:/Users/HP/Projects/gati/[39mnode_modules/[4
m.pnpm[24m/@vitest+runner@1.6.1/node_modules/[4m@vitest[24m/runner/dist/index.j
s:700:47[90m)[39m
    at callSuiteHook [90m(file:///C:/Users/HP/Projects/gati/[39mnode_modules/[4
m.pnpm[24m/@vitest+runner@1.6.1/node_modules/[4m@vitest[24m/runner/dist/index.j
s:694:10[90m)[39m

[90mstderr[2m | tests/unit/runtime/global-context.test.ts[2m > 
[22m[2mGlobalContext[2m > [22m[2mgetModule[2m > [22m[2mshould support 
typed module retrieval[22m[39m
SQLiteTimelineStore failed to initialize, falling back to JSONTimelineStore: 
Error: better-sqlite3 is not installed. Please install it or use 
JSONTimelineStore.
    at new SQLiteTimelineStore [90m(C:\Users\HP\Projects\gati\[39mpackages\runti
me\src\timescape\timeline-store.ts:30:19[90m)[39m
    at 
[90mC:\Users\HP\Projects\gati\[39mpackages\runtime\src\global-context.ts:107:18
    at Module.createGlobalContext [90m(C:\Users\HP\Projects\gati\[39mpackages\ru
ntime\src\global-context.ts:112:7[90m)[39m
    at [90mC:\Users\HP\Projects\gati\[39mtests\unit\runtime\global-context.test.
ts:18:12
    at [90mfile:///C:/Users/HP/Projects/gati/[39mnode_modules/[4m.pnpm[24m/@vi
test+runner@1.6.1/node_modules/[4m@vitest[24m/runner/dist/index.js:135:14
    at [90mfile:///C:/Users/HP/Projects/gati/[39mnode_modules/[4m.pnpm[24m/@vi
test+runner@1.6.1/node_modules/[4m@vitest[24m/runner/dist/index.js:60:26
    at [90mfile:///C:/Users/HP/Projects/gati/[39mnode_modules/[4m.pnpm[24m/@vi
test+runner@1.6.1/node_modules/[4m@vitest[24m/runner/dist/index.js:700:59
    at Array.map (<anonymous>)
    at callSuiteHook [90m(file:///C:/Users/HP/Projects/gati/[39mnode_modules/[4
m.pnpm[24m/@vitest+runner@1.6.1/node_modules/[4m@vitest[24m/runner/dist/index.j
s:700:47[90m)[39m
    at callSuiteHook [90m(file:///C:/Users/HP/Projects/gati/[39mnode_modules/[4
m.pnpm[24m/@vitest+runner@1.6.1/node_modules/[4m@vitest[24m/runner/dist/index.j
s:694:10[90m)[39m

[90mstderr[2m | tests/unit/runtime/global-context.test.ts[2m > 
[22m[2mGlobalContext[2m > [22m[2mshutdown lifecycle[2m > [22m[2mshould 
register shutdown hooks[22m[39m
SQLiteTimelineStore failed to initialize, falling back to JSONTimelineStore: 
Error: better-sqlite3 is not installed. Please install it or use 
JSONTimelineStore.
    at new SQLiteTimelineStore [90m(C:\Users\HP\Projects\gati\[39mpackages\runti
me\src\timescape\timeline-store.ts:30:19[90m)[39m
    at 
[90mC:\Users\HP\Projects\gati\[39mpackages\runtime\src\global-context.ts:107:18
    at Module.createGlobalContext [90m(C:\Users\HP\Projects\gati\[39mpackages\ru
ntime\src\global-context.ts:112:7[90m)[39m
    at [90mC:\Users\HP\Projects\gati\[39mtests\unit\runtime\global-context.test.
ts:18:12
    at [90mfile:///C:/Users/HP/Projects/gati/[39mnode_modules/[4m.pnpm[24m/@vi
test+runner@1.6.1/node_modules/[4m@vitest[24m/runner/dist/index.js:135:14
    at [90mfile:///C:/Users/HP/Projects/gati/[39mnode_modules/[4m.pnpm[24m/@vi
test+runner@1.6.1/node_modules/[4m@vitest[24m/runner/dist/index.js:60:26
    at [90mfile:///C:/Users/HP/Projects/gati/[39mnode_modules/[4m.pnpm[24m/@vi
test+runner@1.6.1/node_modules/[4m@vitest[24m/runner/dist/index.js:700:59
    at Array.map (<anonymous>)
    at callSuiteHook [90m(file:///C:/Users/HP/Projects/gati/[39mnode_modules/[4
m.pnpm[24m/@vitest+runner@1.6.1/node_modules/[4m@vitest[24m/runner/dist/index.j
s:700:47[90m)[39m
    at callSuiteHook [90m(file:///C:/Users/HP/Projects/gati/[39mnode_modules/[4
m.pnpm[24m/@vitest+runner@1.6.1/node_modules/[4m@vitest[24m/runner/dist/index.j
s:694:10[90m)[39m

[90mstdout[2m | tests/unit/runtime/global-context.test.ts[2m > [22m[2mGlobalContext[2m > [22m[2mshutdown lifecycle[2m > [22m[2mshould execute shutdown hooks on shutdown[22m[39m
≡ƒ¢æ Executing shutdown sequence...
  ≡ƒôï Pre-shutdown phase...
  ≡ƒöä Main shutdown phase...
    ≡ƒ¢æ Shutting down: shutdown-0
    Γ£à Shutdown complete: shutdown-0
    ≡ƒ¢æ Shutting down: shutdown-1
    Γ£à Shutdown complete: shutdown-1
Γ£à Shutdown sequence completed

[90mstdout[2m | tests/unit/runtime/global-context.test.ts[2m > [22m[2mGlobalContext[2m > [22m[2mshutdown lifecycle[2m > [22m[2mshould execute async shutdown hooks[22m[39m
≡ƒ¢æ Executing shutdown sequence...
  ≡ƒôï Pre-shutdown phase...
  ≡ƒöä Main shutdown phase...
    ≡ƒ¢æ Shutting down: shutdown-0

[90mstderr[2m | tests/unit/runtime/global-context.test.ts[2m > 
[22m[2mGlobalContext[2m > [22m[2mshutdown lifecycle[2m > [22m[2mshould 
execute shutdown hooks on shutdown[22m[39m
SQLiteTimelineStore failed to initialize, falling back to JSONTimelineStore: 
Error: better-sqlite3 is not installed. Please install it or use 
JSONTimelineStore.
    at new SQLiteTimelineStore [90m(C:\Users\HP\Projects\gati\[39mpackages\runti
me\src\timescape\timeline-store.ts:30:19[90m)[39m
    at 
[90mC:\Users\HP\Projects\gati\[39mpackages\runtime\src\global-context.ts:107:18
    at Module.createGlobalContext [90m(C:\Users\HP\Projects\gati\[39mpackages\ru
ntime\src\global-context.ts:112:7[90m)[39m
    at [90mC:\Users\HP\Projects\gati\[39mtests\unit\runtime\global-context.test.
ts:18:12
    at [90mfile:///C:/Users/HP/Projects/gati/[39mnode_modules/[4m.pnpm[24m/@vi
test+runner@1.6.1/node_modules/[4m@vitest[24m/runner/dist/index.js:135:14
    at [90mfile:///C:/Users/HP/Projects/gati/[39mnode_modules/[4m.pnpm[24m/@vi
test+runner@1.6.1/node_modules/[4m@vitest[24m/runner/dist/index.js:60:26
    at [90mfile:///C:/Users/HP/Projects/gati/[39mnode_modules/[4m.pnpm[24m/@vi
test+runner@1.6.1/node_modules/[4m@vitest[24m/runner/dist/index.js:700:59
    at Array.map (<anonymous>)
    at callSuiteHook [90m(file:///C:/Users/HP/Projects/gati/[39mnode_modules/[4
m.pnpm[24m/@vitest+runner@1.6.1/node_modules/[4m@vitest[24m/runner/dist/index.j
s:700:47[90m)[39m
    at callSuiteHook [90m(file:///C:/Users/HP/Projects/gati/[39mnode_modules/[4
m.pnpm[24m/@vitest+runner@1.6.1/node_modules/[4m@vitest[24m/runner/dist/index.j
s:694:10[90m)[39m

[90mstderr[2m | tests/unit/runtime/global-context.test.ts[2m > 
[22m[2mGlobalContext[2m > [22m[2mshutdown lifecycle[2m > [22m[2mshould 
execute async shutdown hooks[22m[39m
SQLiteTimelineStore failed to initialize, falling back to JSONTimelineStore: 
Error: better-sqlite3 is not installed. Please install it or use 
JSONTimelineStore.
    at new SQLiteTimelineStore [90m(C:\Users\HP\Projects\gati\[39mpackages\runti
me\src\timescape\timeline-store.ts:30:19[90m)[39m
    at 
[90mC:\Users\HP\Projects\gati\[39mpackages\runtime\src\global-context.ts:107:18
    at Module.createGlobalContext [90m(C:\Users\HP\Projects\gati\[39mpackages\ru
ntime\src\global-context.ts:112:7[90m)[39m
    at [90mC:\Users\HP\Projects\gati\[39mtests\unit\runtime\global-context.test.
ts:18:12
    at [90mfile:///C:/Users/HP/Projects/gati/[39mnode_modules/[4m.pnpm[24m/@vi
test+runner@1.6.1/node_modules/[4m@vitest[24m/runner/dist/index.js:135:14
    at [90mfile:///C:/Users/HP/Projects/gati/[39mnode_modules/[4m.pnpm[24m/@vi
test+runner@1.6.1/node_modules/[4m@vitest[24m/runner/dist/index.js:60:26
    at [90mfile:///C:/Users/HP/Projects/gati/[39mnode_modules/[4m.pnpm[24m/@vi
test+runner@1.6.1/node_modules/[4m@vitest[24m/runner/dist/index.js:700:59
    at Array.map (<anonymous>)
    at callSuiteHook [90m(file:///C:/Users/HP/Projects/gati/[39mnode_modules/[4
m.pnpm[24m/@vitest+runner@1.6.1/node_modules/[4m@vitest[24m/runner/dist/index.j
s:700:47[90m)[39m
    at callSuiteHook [90m(file:///C:/Users/HP/Projects/gati/[39mnode_modules/[4
m.pnpm[24m/@vitest+runner@1.6.1/node_modules/[4m@vitest[24m/runner/dist/index.j
s:694:10[90m)[39m

[90mstderr[2m | tests/unit/runtime/global-context.test.ts[2m > 
[22m[2mGlobalContext[2m > [22m[2mshutdown lifecycle[2m > [22m[2mshould 
execute async shutdown hooks[22m[39m
<empty line>
[90mstderr[2m | tests/unit/runtime/global-context.test.ts[2m > 
[22m[2mGlobalContext[2m > [22m[2mshutdown lifecycle[2m > [22m[2mshould 
mark context as shutting down[22m[39m
SQLiteTimelineStore failed to initialize, falling back to JSONTimelineStore: 
Error: better-sqlite3 is not installed. Please install it or use 
JSONTimelineStore.
    at new SQLiteTimelineStore [90m(C:\Users\HP\Projects\gati\[39mpackages\runti
me\src\timescape\timeline-store.ts:30:19[90m)[39m
    at 
[90mC:\Users\HP\Projects\gati\[39mpackages\runtime\src\global-context.ts:107:18
    at Module.createGlobalContext [90m(C:\Users\HP\Projects\gati\[39mpackages\ru
ntime\src\global-context.ts:112:7[90m)[39m
    at [90mC:\Users\HP\Projects\gati\[39mtests\unit\runtime\global-context.test.
ts:18:12
[90mstdout[2m | tests/unit/runtime/global-context.test.ts[2m > [22m[2mGlobalContext[2m > [22m[2mshutdown lifecycle[2m > [22m[2mshould execute async shutdown hooks[22m[39m
    Γ£à Shutdown complete: shutdown-0
Γ£à Shutdown sequence completed

[90mstdout[2m | tests/unit/runtime/global-context.test.ts[2m > [22m[2mGlobalContext[2m > [22m[2mshutdown lifecycle[2m > [22m[2mshould mark context as shutting down[22m[39m
≡ƒ¢æ Executing shutdown sequence...
  ≡ƒôï Pre-shutdown phase...
  ≡ƒöä Main shutdown phase...
Γ£à Shutdown sequence completed

[90mstdout[2m | tests/unit/runtime/global-context.test.ts[2m > [22m[2mGlobalContext[2m > [22m[2mshutdown lifecycle[2m > [22m[2mshould execute multiple shutdown hooks in parallel[22m[39m
≡ƒ¢æ Executing shutdown sequence...
  ≡ƒôï Pre-shutdown phase...
  ≡ƒöä Main shutdown phase...
    ≡ƒ¢æ Shutting down: shutdown-0

    at [90mfile:///C:/Users/HP/Projects/gati/[39mnode_modules/[4m.pnpm[24m/@vi
test+runner@1.6.1/node_modules/[4m@vitest[24m/runner/dist/index.js:135:14
    at [90mfile:///C:/Users/HP/Projects/gati/[39mnode_modules/[4m.pnpm[24m/@vi
test+runner@1.6.1/node_modules/[4m@vitest[24m/runner/dist/index.js:60:26
    at [90mfile:///C:/Users/HP/Projects/gati/[39mnode_modules/[4m.pnpm[24m/@vi
test+runner@1.6.1/node_modules/[4m@vitest[24m/runner/dist/index.js:700:59
    at Array.map (<anonymous>)
    at callSuiteHook [90m(file:///C:/Users/HP/Projects/gati/[39mnode_modules/[4
m.pnpm[24m/@vitest+runner@1.6.1/node_modules/[4m@vitest[24m/runner/dist/index.j
s:700:47[90m)[39m
    at callSuiteHook [90m(file:///C:/Users/HP/Projects/gati/[39mnode_modules/[4
m.pnpm[24m/@vitest+runner@1.6.1/node_modules/[4m@vitest[24m/runner/dist/index.j
s:694:10[90m)[39m

[90mstderr[2m | tests/unit/runtime/global-context.test.ts[2m > 
[22m[2mGlobalContext[2m > [22m[2mshutdown lifecycle[2m > [22m[2mshould 
execute multiple shutdown hooks in parallel[22m[39m
SQLiteTimelineStore failed to initialize, falling back to JSONTimelineStore: 
Error: better-sqlite3 is not installed. Please install it or use 
JSONTimelineStore.
    at new SQLiteTimelineStore [90m(C:\Users\HP\Projects\gati\[39mpackages\runti
me\src\timescape\timeline-store.ts:30:19[90m)[39m
    at 
[90mC:\Users\HP\Projects\gati\[39mpackages\runtime\src\global-context.ts:107:18
    at Module.createGlobalContext [90m(C:\Users\HP\Projects\gati\[39mpackages\ru
ntime\src\global-context.ts:112:7[90m)[39m
    at [90mC:\Users\HP\Projects\gati\[39mtests\unit\runtime\global-context.test.
ts:18:12
    at [90mfile:///C:/Users/HP/Projects/gati/[39mnode_modules/[4m.pnpm[24m/@vi
test+runner@1.6.1/node_modules/[4m@vitest[24m/runner/dist/index.js:135:14
    at [90mfile:///C:/Users/HP/Projects/gati/[39mnode_modules/[4m.pnpm[24m/@vi
test+runner@1.6.1/node_modules/[4m@vitest[24m/runner/dist/index.js:60:26
    at [90mfile:///C:/Users/HP/Projects/gati/[39mnode_modules/[4m.pnpm[24m/@vi
test+runner@1.6.1/node_modules/[4m@vitest[24m/runner/dist/index.js:700:59
    at Array.map (<anonymous>)
    at callSuiteHook [90m(file:///C:/Users/HP/Projects/gati/[39mnode_modules/[4
m.pnpm[24m/@vitest+runner@1.6.1/node_modules/[4m@vitest[24m/runner/dist/index.j
s:700:47[90m)[39m
    at callSuiteHook [90m(file:///C:/Users/HP/Projects/gati/[39mnode_modules/[4
m.pnpm[24m/@vitest+runner@1.6.1/node_modules/[4m@vitest[24m/runner/dist/index.j
s:694:10[90m)[39m

[90mstderr[2m | tests/unit/runtime/global-context.test.ts[2m > 
[22m[2mGlobalContext[2m > [22m[2mshutdown lifecycle[2m > [22m[2mshould 
execute multiple shutdown hooks in parallel[22m[39m
<empty line>
[90mstdout[2m | tests/unit/runtime/global-context.test.ts[2m > [22m[2mGlobalContext[2m > [22m[2mshutdown lifecycle[2m > [22m[2mshould execute multiple shutdown hooks in parallel[22m[39m
    Γ£à Shutdown complete: shutdown-0
    ≡ƒ¢æ Shutting down: shutdown-1

[90mstderr[2m | tests/unit/runtime/global-context.test.ts[2m > 
[22m[2mGlobalContext[2m > [22m[2mshutdown lifecycle[2m > [22m[2mshould 
execute multiple shutdown hooks in parallel[22m[39m
<empty line>
[90mstdout[2m | tests/unit/runtime/global-context.test.ts[2m > [22m[2mGlobalContext[2m > [22m[2mshutdown lifecycle[2m > [22m[2mshould execute multiple shutdown hooks in parallel[22m[39m
    Γ£à Shutdown complete: shutdown-1
Γ£à Shutdown sequence completed

[90mstderr[2m | tests/unit/runtime/global-context.test.ts[2m > 
[22m[2mGlobalContext[2m > [22m[2mstate management[2m > [22m[2mshould 
allow setting and getting state[22m[39m
SQLiteTimelineStore failed to initialize, falling back to JSONTimelineStore: 
Error: better-sqlite3 is not installed. Please install it or use 
JSONTimelineStore.
    at new SQLiteTimelineStore [90m(C:\Users\HP\Projects\gati\[39mpackages\runti
me\src\timescape\timeline-store.ts:30:19[90m)[39m
    at 
[90mC:\Users\HP\Projects\gati\[39mpackages\runtime\src\global-context.ts:107:18
    at Module.createGlobalContext [90m(C:\Users\HP\Projects\gati\[39mpackages\ru
ntime\src\global-context.ts:112:7[90m)[39m
    at [90mC:\Users\HP\Projects\gati\[39mtests\unit\runtime\global-context.test.
ts:18:12
    at [90mfile:///C:/Users/HP/Projects/gati/[39mnode_modules/[4m.pnpm[24m/@vi
test+runner@1.6.1/node_modules/[4m@vitest[24m/runner/dist/index.js:135:14
    at [90mfile:///C:/Users/HP/Projects/gati/[39mnode_modules/[4m.pnpm[24m/@vi
test+runner@1.6.1/node_modules/[4m@vitest[24m/runner/dist/index.js:60:26
    at [90mfile:///C:/Users/HP/Projects/gati/[39mnode_modules/[4m.pnpm[24m/@vi
test+runner@1.6.1/node_modules/[4m@vitest[24m/runner/dist/index.js:700:59
    at Array.map (<anonymous>)
    at callSuiteHook [90m(file:///C:/Users/HP/Projects/gati/[39mnode_modules/[4
m.pnpm[24m/@vitest+runner@1.6.1/node_modules/[4m@vitest[24m/runner/dist/index.j
s:700:47[90m)[39m
    at callSuiteHook [90m(file:///C:/Users/HP/Projects/gati/[39mnode_modules/[4
m.pnpm[24m/@vitest+runner@1.6.1/node_modules/[4m@vitest[24m/runner/dist/index.j
s:694:10[90m)[39m

[90mstderr[2m | tests/unit/runtime/global-context.test.ts[2m > 
[22m[2mGlobalContext[2m > [22m[2mstate management[2m > [22m[2mshould 
maintain state across operations[22m[39m
SQLiteTimelineStore failed to initialize, falling back to JSONTimelineStore: 
Error: better-sqlite3 is not installed. Please install it or use 
JSONTimelineStore.
    at new SQLiteTimelineStore [90m(C:\Users\HP\Projects\gati\[39mpackages\runti
me\src\timescape\timeline-store.ts:30:19[90m)[39m
    at 
[90mC:\Users\HP\Projects\gati\[39mpackages\runtime\src\global-context.ts:107:18
    at Module.createGlobalContext [90m(C:\Users\HP\Projects\gati\[39mpackages\ru
ntime\src\global-context.ts:112:7[90m)[39m
    at [90mC:\Users\HP\Projects\gati\[39mtests\unit\runtime\global-context.test.
ts:18:12
    at [90mfile:///C:/Users/HP/Projects/gati/[39mnode_modules/[4m.pnpm[24m/@vi
test+runner@1.6.1/node_modules/[4m@vitest[24m/runner/dist/index.js:135:14
    at [90mfile:///C:/Users/HP/Projects/gati/[39mnode_modules/[4m.pnpm[24m/@vi
test+runner@1.6.1/node_modules/[4m@vitest[24m/runner/dist/index.js:60:26
    at [90mfile:///C:/Users/HP/Projects/gati/[39mnode_modules/[4m.pnpm[24m/@vi
test+runner@1.6.1/node_modules/[4m@vitest[24m/runner/dist/index.js:700:59
    at Array.map (<anonymous>)
    at callSuiteHook [90m(file:///C:/Users/HP/Projects/gati/[39mnode_modules/[4
m.pnpm[24m/@vitest+runner@1.6.1/node_modules/[4m@vitest[24m/runner/dist/index.j
s:700:47[90m)[39m
    at callSuiteHook [90m(file:///C:/Users/HP/Projects/gati/[39mnode_modules/[4
m.pnpm[24m/@vitest+runner@1.6.1/node_modules/[4m@vitest[24m/runner/dist/index.j
s:694:10[90m)[39m

[90mstderr[2m | tests/unit/runtime/global-context.test.ts[2m > 
[22m[2mGlobalContext[2m > [22m[2mconfig management[2m > [22m[2mshould 
allow setting and getting config[22m[39m
SQLiteTimelineStore failed to initialize, falling back to JSONTimelineStore: 
Error: better-sqlite3 is not installed. Please install it or use 
JSONTimelineStore.
    at new SQLiteTimelineStore [90m(C:\Users\HP\Projects\gati\[39mpackages\runti
me\src\timescape\timeline-store.ts:30:19[90m)[39m
    at 
[90mC:\Users\HP\Projects\gati\[39mpackages\runtime\src\global-context.ts:107:18
    at Module.createGlobalContext [90m(C:\Users\HP\Projects\gati\[39mpackages\ru
ntime\src\global-context.ts:112:7[90m)[39m
    at [90mC:\Users\HP\Projects\gati\[39mtests\unit\runtime\global-context.test.
ts:18:12
    at [90mfile:///C:/Users/HP/Projects/gati/[39mnode_modules/[4m.pnpm[24m/@vi
test+runner@1.6.1/node_modules/[4m@vitest[24m/runner/dist/index.js:135:14
    at [90mfile:///C:/Users/HP/Projects/gati/[39mnode_modules/[4m.pnpm[24m/@vi
test+runner@1.6.1/node_modules/[4m@vitest[24m/runner/dist/index.js:60:26
    at [90mfile:///C:/Users/HP/Projects/gati/[39mnode_modules/[4m.pnpm[24m/@vi
test+runner@1.6.1/node_modules/[4m@vitest[24m/runner/dist/index.js:700:59
    at Array.map (<anonymous>)
    at callSuiteHook [90m(file:///C:/Users/HP/Projects/gati/[39mnode_modules/[4
m.pnpm[24m/@vitest+runner@1.6.1/node_modules/[4m@vitest[24m/runner/dist/index.j
s:700:47[90m)[39m
    at callSuiteHook [90m(file:///C:/Users/HP/Projects/gati/[39mnode_modules/[4
m.pnpm[24m/@vitest+runner@1.6.1/node_modules/[4m@vitest[24m/runner/dist/index.j
s:694:10[90m)[39m

[90mstderr[2m | tests/unit/runtime/global-context.test.ts[2m > 
[22m[2mGlobalContext[2m > [22m[2mconfig management[2m > [22m[2mshould 
allow modifying config after creation[22m[39m
SQLiteTimelineStore failed to initialize, falling back to JSONTimelineStore: 
Error: better-sqlite3 is not installed. Please install it or use 
JSONTimelineStore.
    at new SQLiteTimelineStore [90m(C:\Users\HP\Projects\gati\[39mpackages\runti
me\src\timescape\timeline-store.ts:30:19[90m)[39m
    at 
[90mC:\Users\HP\Projects\gati\[39mpackages\runtime\src\global-context.ts:107:18
    at Module.createGlobalContext [90m(C:\Users\HP\Projects\gati\[39mpackages\ru
ntime\src\global-context.ts:112:7[90m)[39m
    at [90mC:\Users\HP\Projects\gati\[39mtests\unit\runtime\global-context.test.
ts:18:12
    at [90mfile:///C:/Users/HP/Projects/gati/[39mnode_modules/[4m.pnpm[24m/@vi
test+runner@1.6.1/node_modules/[4m@vitest[24m/runner/dist/index.js:135:14
    at [90mfile:///C:/Users/HP/Projects/gati/[39mnode_modules/[4m.pnpm[24m/@vi
test+runner@1.6.1/node_modules/[4m@vitest[24m/runner/dist/index.js:60:26
    at [90mfile:///C:/Users/HP/Projects/gati/[39mnode_modules/[4m.pnpm[24m/@vi
test+runner@1.6.1/node_modules/[4m@vitest[24m/runner/dist/index.js:700:59
    at Array.map (<anonymous>)
    at callSuiteHook [90m(file:///C:/Users/HP/Projects/gati/[39mnode_modules/[4
m.pnpm[24m/@vitest+runner@1.6.1/node_modules/[4m@vitest[24m/runner/dist/index.j
s:700:47[90m)[39m
    at callSuiteHook [90m(file:///C:/Users/HP/Projects/gati/[39mnode_modules/[4
m.pnpm[24m/@vitest+runner@1.6.1/node_modules/[4m@vitest[24m/runner/dist/index.j
s:694:10[90m)[39m
SQLiteTimelineStore failed to initialize, falling back to JSONTimelineStore: 
Error: better-sqlite3 is not installed. Please install it or use 
JSONTimelineStore.
    at new SQLiteTimelineStore [90m(C:\Users\HP\Projects\gati\[39mpackages\runti
me\src\timescape\timeline-store.ts:30:19[90m)[39m
    at 
[90mC:\Users\HP\Projects\gati\[39mpackages\runtime\src\global-context.ts:107:18
    at Module.createGlobalContext [90m(C:\Users\HP\Projects\gati\[39mpackages\ru
ntime\src\global-context.ts:112:7[90m)[39m
    at [90mC:\Users\HP\Projects\gati\[39mtests\unit\runtime\global-context.test.
ts:196:14
    at [90mfile:///C:/Users/HP/Projects/gati/[39mnode_modules/[4m.pnpm[24m/@vi
test+runner@1.6.1/node_modules/[4m@vitest[24m/runner/dist/index.js:135:14
    at [90mfile:///C:/Users/HP/Projects/gati/[39mnode_modules/[4m.pnpm[24m/@vi
test+runner@1.6.1/node_modules/[4m@vitest[24m/runner/dist/index.js:60:26
    at runTest [90m(file:///C:/Users/HP/Projects/gati/[39mnode_modules/[4m.pnpm
[24m/@vitest+runner@1.6.1/node_modules/[4m@vitest[24m/runner/dist/index.js:781:
17[90m)[39m
    at runSuite [90m(file:///C:/Users/HP/Projects/gati/[39mnode_modules/[4m.pnp
m[24m/@vitest+runner@1.6.1/node_modules/[4m@vitest[24m/runner/dist/index.js:909
:15[90m)[39m
    at runSuite [90m(file:///C:/Users/HP/Projects/gati/[39mnode_modules/[4m.pnp
m[24m/@vitest+runner@1.6.1/node_modules/[4m@vitest[24m/runner/dist/index.js:909
:15[90m)[39m
    at runSuite [90m(file:///C:/Users/HP/Projects/gati/[39mnode_modules/[4m.pnp
m[24m/@vitest+runner@1.6.1/node_modules/[4m@vitest[24m/runner/dist/index.js:909
:15[90m)[39m

 [32mΓ£ô[39m tests/unit/runtime/global-context.test.ts [2m ([22m[2m17 tests[22m[2m)[22m[33m 506[2mms[22m[39m
[90mstderr[2m | tests/unit/runtime/context-manager.test.ts[2m > 
[22m[2mContextManager[2m > [22m[2minitializeGlobalContext[2m > 
[22m[2mshould initialize global context[22m[39m
SQLiteTimelineStore failed to initialize, falling back to JSONTimelineStore: 
Error: better-sqlite3 is not installed. Please install it or use 
JSONTimelineStore.
    at new SQLiteTimelineStore [90m(C:\Users\HP\Projects\gati\[39mpackages\runti
me\src\timescape\timeline-store.ts:30:19[90m)[39m
    at 
[90mC:\Users\HP\Projects\gati\[39mpackages\runtime\src\global-context.ts:107:18
    at Module.createGlobalContext [90m(C:\Users\HP\Projects\gati\[39mpackages\ru
ntime\src\global-context.ts:112:7[90m)[39m
    at ContextManager.initializeGlobalContext [90m(C:\Users\HP\Projects\gati\[39
mpackages\runtime\src\context-manager.ts:41:17[90m)[39m
    at [90mC:\Users\HP\Projects\gati\[39mtests\unit\runtime\context-manager.test
.ts:27:28
    at [90mfile:///C:/Users/HP/Projects/gati/[39mnode_modules/[4m.pnpm[24m/@vi
test+runner@1.6.1/node_modules/[4m@vitest[24m/runner/dist/index.js:135:14
    at [90mfile:///C:/Users/HP/Projects/gati/[39mnode_modules/[4m.pnpm[24m/@vi
test+runner@1.6.1/node_modules/[4m@vitest[24m/runner/dist/index.js:60:26
    at runTest [90m(file:///C:/Users/HP/Projects/gati/[39mnode_modules/[4m.pnpm
[24m/@vitest+runner@1.6.1/node_modules/[4m@vitest[24m/runner/dist/index.js:781:
17[90m)[39m
    at runSuite [90m(file:///C:/Users/HP/Projects/gati/[39mnode_modules/[4m.pnp
m[24m/@vitest+runner@1.6.1/node_modules/[4m@vitest[24m/runner/dist/index.js:909
:15[90m)[39m
    at runSuite [90m(file:///C:/Users/HP/Projects/gati/[39mnode_modules/[4m.pnp
m[24m/@vitest+runner@1.6.1/node_modules/[4m@vitest[24m/runner/dist/index.js:909
:15[90m)[39m

[90mstderr[2m | tests/unit/runtime/context-manager.test.ts[2m > 
[22m[2mContextManager[2m > [22m[2minitializeGlobalContext[2m > 
[22m[2mshould initialize global context with options[22m[39m
SQLiteTimelineStore failed to initialize, falling back to JSONTimelineStore: 
Error: better-sqlite3 is not installed. Please install it or use 
JSONTimelineStore.
    at new SQLiteTimelineStore [90m(C:\Users\HP\Projects\gati\[39mpackages\runti
me\src\timescape\timeline-store.ts:30:19[90m)[39m
    at 
[90mC:\Users\HP\Projects\gati\[39mpackages\runtime\src\global-context.ts:107:18
    at Module.createGlobalContext [90m(C:\Users\HP\Projects\gati\[39mpackages\ru
ntime\src\global-context.ts:112:7[90m)[39m
    at ContextManager.initializeGlobalContext [90m(C:\Users\HP\Projects\gati\[39
mpackages\runtime\src\context-manager.ts:41:17[90m)[39m
    at [90mC:\Users\HP\Projects\gati\[39mtests\unit\runtime\context-manager.test
.ts:36:28
    at [90mfile:///C:/Users/HP/Projects/gati/[39mnode_modules/[4m.pnpm[24m/@vi
test+runner@1.6.1/node_modules/[4m@vitest[24m/runner/dist/index.js:135:14
    at [90mfile:///C:/Users/HP/Projects/gati/[39mnode_modules/[4m.pnpm[24m/@vi
test+runner@1.6.1/node_modules/[4m@vitest[24m/runner/dist/index.js:60:26
    at runTest [90m(file:///C:/Users/HP/Projects/gati/[39mnode_modules/[4m.pnpm
[24m/@vitest+runner@1.6.1/node_modules/[4m@vitest[24m/runner/dist/index.js:781:
17[90m)[39m
    at runSuite [90m(file:///C:/Users/HP/Projects/gati/[39mnode_modules/[4m.pnp
m[24m/@vitest+runner@1.6.1/node_modules/[4m@vitest[24m/runner/dist/index.js:909
:15[90m)[39m
    at runSuite [90m(file:///C:/Users/HP/Projects/gati/[39mnode_modules/[4m.pnp
m[24m/@vitest+runner@1.6.1/node_modules/[4m@vitest[24m/runner/dist/index.js:909
:15[90m)[39m

[90mstderr[2m | tests/unit/runtime/context-manager.test.ts[2m > 
[22m[2mContextManager[2m > [22m[2minitializeGlobalContext[2m > 
[22m[2mshould throw error if already initialized[22m[39m
SQLiteTimelineStore failed to initialize, falling back to JSONTimelineStore: 
Error: better-sqlite3 is not installed. Please install it or use 
JSONTimelineStore.
    at new SQLiteTimelineStore [90m(C:\Users\HP\Projects\gati\[39mpackages\runti
me\src\timescape\timeline-store.ts:30:19[90m)[39m
    at 
[90mC:\Users\HP\Projects\gati\[39mpackages\runtime\src\global-context.ts:107:18
    at Module.createGlobalContext [90m(C:\Users\HP\Projects\gati\[39mpackages\ru
ntime\src\global-context.ts:112:7[90m)[39m
    at ContextManager.initializeGlobalContext [90m(C:\Users\HP\Projects\gati\[39
mpackages\runtime\src\context-manager.ts:41:17[90m)[39m
    at [90mC:\Users\HP\Projects\gati\[39mtests\unit\runtime\context-manager.test
.ts:46:15
    at [90mfile:///C:/Users/HP/Projects/gati/[39mnode_modules/[4m.pnpm[24m/@vi
test+runner@1.6.1/node_modules/[4m@vitest[24m/runner/dist/index.js:135:14
    at [90mfile:///C:/Users/HP/Projects/gati/[39mnode_modules/[4m.pnpm[24m/@vi
test+runner@1.6.1/node_modules/[4m@vitest[24m/runner/dist/index.js:60:26
    at runTest [90m(file:///C:/Users/HP/Projects/gati/[39mnode_modules/[4m.pnpm
[24m/@vitest+runner@1.6.1/node_modules/[4m@vitest[24m/runner/dist/index.js:781:
17[90m)[39m
    at runSuite [90m(file:///C:/Users/HP/Projects/gati/[39mnode_modules/[4m.pnp
m[24m/@vitest+runner@1.6.1/node_modules/[4m@vitest[24m/runner/dist/index.js:909
:15[90m)[39m
    at runSuite [90m(file:///C:/Users/HP/Projects/gati/[39mnode_modules/[4m.pnp
m[24m/@vitest+runner@1.6.1/node_modules/[4m@vitest[24m/runner/dist/index.js:909
:15[90m)[39m

[90mstderr[2m | tests/unit/runtime/context-manager.test.ts[2m > 
[22m[2mContextManager[2m > [22m[2mgetGlobalContext[2m > [22m[2mshould 
return global context after initialization[22m[39m
SQLiteTimelineStore failed to initialize, falling back to JSONTimelineStore: 
Error: better-sqlite3 is not installed. Please install it or use 
JSONTimelineStore.
    at new SQLiteTimelineStore [90m(C:\Users\HP\Projects\gati\[39mpackages\runti
me\src\timescape\timeline-store.ts:30:19[90m)[39m
    at 
[90mC:\Users\HP\Projects\gati\[39mpackages\runtime\src\global-context.ts:107:18
    at Module.createGlobalContext [90m(C:\Users\HP\Projects\gati\[39mpackages\ru
ntime\src\global-context.ts:112:7[90m)[39m
    at ContextManager.initializeGlobalContext [90m(C:\Users\HP\Projects\gati\[39
mpackages\runtime\src\context-manager.ts:41:17[90m)[39m
    at [90mC:\Users\HP\Projects\gati\[39mtests\unit\runtime\context-manager.test
.ts:60:28
    at [90mfile:///C:/Users/HP/Projects/gati/[39mnode_modules/[4m.pnpm[24m/@vi
test+runner@1.6.1/node_modules/[4m@vitest[24m/runner/dist/index.js:135:14
[90mstdout[2m | tests/unit/runtime/context-manager.test.ts[2m > [22m[2mContextManager[2m > [22m[2mshutdown[2m > [22m[2mshould shutdown global context[22m[39m
≡ƒ¢æ Executing shutdown sequence...
  ≡ƒôï Pre-shutdown phase...
  ≡ƒöä Main shutdown phase...
Γ£à Shutdown sequence completed

    at [90mfile:///C:/Users/HP/Projects/gati/[39mnode_modules/[4m.pnpm[24m/@vi
test+runner@1.6.1/node_modules/[4m@vitest[24m/runner/dist/index.js:60:26
    at runTest [90m(file:///C:/Users/HP/Projects/gati/[39mnode_modules/[4m.pnpm
[24m/@vitest+runner@1.6.1/node_modules/[4m@vitest[24m/runner/dist/index.js:781:
17[90m)[39m
    at runSuite [90m(file:///C:/Users/HP/Projects/gati/[39mnode_modules/[4m.pnp
m[24m/@vitest+runner@1.6.1/node_modules/[4m@vitest[24m/runner/dist/index.js:909
:15[90m)[39m
    at runSuite [90m(file:///C:/Users/HP/Projects/gati/[39mnode_modules/[4m.pnp
m[24m/@vitest+runner@1.6.1/node_modules/[4m@vitest[24m/runner/dist/index.js:909
:15[90m)[39m

[90mstderr[2m | tests/unit/runtime/context-manager.test.ts[2m > 
[22m[2mContextManager[2m > [22m[2mshutdown[2m > [22m[2mshould shutdown 
global context[22m[39m
SQLiteTimelineStore failed to initialize, falling back to JSONTimelineStore: 
Error: better-sqlite3 is not installed. Please install it or use 
JSONTimelineStore.
    at new SQLiteTimelineStore [90m(C:\Users\HP\Projects\gati\[39mpackages\runti
me\src\timescape\timeline-store.ts:30:19[90m)[39m
    at 
[90mC:\Users\HP\Projects\gati\[39mpackages\runtime\src\global-context.ts:107:18
    at Module.createGlobalContext [90m(C:\Users\HP\Projects\gati\[39mpackages\ru
ntime\src\global-context.ts:112:7[90m)[39m
    at ContextManager.initializeGlobalContext [90m(C:\Users\HP\Projects\gati\[39
mpackages\runtime\src\context-manager.ts:41:17[90m)[39m
    at [90mC:\Users\HP\Projects\gati\[39mtests\unit\runtime\context-manager.test
.ts:123:28
    at [90mfile:///C:/Users/HP/Projects/gati/[39mnode_modules/[4m.pnpm[24m/@vi
test+runner@1.6.1/node_modules/[4m@vitest[24m/runner/dist/index.js:135:14
    at [90mfile:///C:/Users/HP/Projects/gati/[39mnode_modules/[4m.pnpm[24m/@vi
test+runner@1.6.1/node_modules/[4m@vitest[24m/runner/dist/index.js:60:26
    at runTest [90m(file:///C:/Users/HP/Projects/gati/[39mnode_modules/[4m.pnpm
[24m/@vitest+runner@1.6.1/node_modules/[4m@vitest[24m/runner/dist/index.js:781:
17[90m)[39m
    at runSuite [90m(file:///C:/Users/HP/Projects/gati/[39mnode_modules/[4m.pnp
m[24m/@vitest+runner@1.6.1/node_modules/[4m@vitest[24m/runner/dist/index.js:909
:15[90m)[39m
    at runSuite [90m(file:///C:/Users/HP/Projects/gati/[39mnode_modules/[4m.pnp
m[24m/@vitest+runner@1.6.1/node_modules/[4m@vitest[24m/runner/dist/index.js:909
:15[90m)[39m

[90mstdout[2m | tests/unit/runtime/context-manager.test.ts[2m > [22m[2mContextManager[2m > [22m[2mshutdown[2m > [22m[2mshould execute shutdown hooks[22m[39m
≡ƒ¢æ Executing shutdown sequence...
  ≡ƒôï Pre-shutdown phase...
  ≡ƒöä Main shutdown phase...
    ≡ƒ¢æ Shutting down: shutdown-0
    Γ£à Shutdown complete: shutdown-0
Γ£à Shutdown sequence completed

[90mstderr[2m | tests/unit/runtime/context-manager.test.ts[2m > 
[22m[2mContextManager[2m > [22m[2mshutdown[2m > [22m[2mshould execute 
shutdown hooks[22m[39m
SQLiteTimelineStore failed to initialize, falling back to JSONTimelineStore: 
Error: better-sqlite3 is not installed. Please install it or use 
JSONTimelineStore.
    at new SQLiteTimelineStore [90m(C:\Users\HP\Projects\gati\[39mpackages\runti
me\src\timescape\timeline-store.ts:30:19[90m)[39m
    at 
[90mC:\Users\HP\Projects\gati\[39mpackages\runtime\src\global-context.ts:107:18
    at Module.createGlobalContext [90m(C:\Users\HP\Projects\gati\[39mpackages\ru
ntime\src\global-context.ts:112:7[90m)[39m
    at ContextManager.initializeGlobalContext [90m(C:\Users\HP\Projects\gati\[39
mpackages\runtime\src\context-manager.ts:41:17[90m)[39m
    at [90mC:\Users\HP\Projects\gati\[39mtests\unit\runtime\context-manager.test
.ts:132:28
    at [90mfile:///C:/Users/HP/Projects/gati/[39mnode_modules/[4m.pnpm[24m/@vi
test+runner@1.6.1/node_modules/[4m@vitest[24m/runner/dist/index.js:135:14
    at [90mfile:///C:/Users/HP/Projects/gati/[39mnode_modules/[4m.pnpm[24m/@vi
test+runner@1.6.1/node_modules/[4m@vitest[24m/runner/dist/index.js:60:26
    at runTest [90m(file:///C:/Users/HP/Projects/gati/[39mnode_modules/[4m.pnpm
[24m/@vitest+runner@1.6.1/node_modules/[4m@vitest[24m/runner/dist/index.js:781:
17[90m)[39m
    at runSuite [90m(file:///C:/Users/HP/Projects/gati/[39mnode_modules/[4m.pnp
m[24m/@vitest+runner@1.6.1/node_modules/[4m@vitest[24m/runner/dist/index.js:909
:15[90m)[39m
    at runSuite [90m(file:///C:/Users/HP/Projects/gati/[39mnode_modules/[4m.pnp
m[24m/@vitest+runner@1.6.1/node_modules/[4m@vitest[24m/runner/dist/index.js:909
:15[90m)[39m

[90mstderr[2m | tests/unit/runtime/context-manager.test.ts[2m > 
[22m[2mContextManager[2m > [22m[2mshutdown[2m > [22m[2mshould allow 
re-initialization after shutdown[22m[39m
SQLiteTimelineStore failed to initialize, falling back to JSONTimelineStore: 
Error: better-sqlite3 is not installed. Please install it or use 
JSONTimelineStore.
    at new SQLiteTimelineStore [90m(C:\Users\HP\Projects\gati\[39mpackages\runti
me\src\timescape\timeline-store.ts:30:19[90m)[39m
    at 
[90mC:\Users\HP\Projects\gati\[39mpackages\runtime\src\global-context.ts:107:18
    at Module.createGlobalContext [90m(C:\Users\HP\Projects\gati\[39mpackages\ru
ntime\src\global-context.ts:112:7[90m)[39m
    at ContextManager.initializeGlobalContext [90m(C:\Users\HP\Projects\gati\[39
mpackages\runtime\src\context-manager.ts:41:17[90m)[39m
    at [90mC:\Users\HP\Projects\gati\[39mtests\unit\runtime\context-manager.test
.ts:149:15
    at [90mfile:///C:/Users/HP/Projects/gati/[39mnode_modules/[4m.pnpm[24m/@vi
test+runner@1.6.1/node_modules/[4m@vitest[24m/runner/dist/index.js:135:14
    at [90mfile:///C:/Users/HP/Projects/gati/[39mnode_modules/[4m.pnpm[24m/@vi
test+runner@1.6.1/node_modules/[4m@vitest[24m/runner/dist/index.js:60:26
    at runTest [90m(file:///C:/Users/HP/Projects/gati/[39mnode_modules/[4m.pnpm
[24m/@vitest+runner@1.6.1/node_modules/[4m@vitest[24m/runner/dist/index.js:781:
17[90m)[39m
    at runSuite [90m(file:///C:/Users/HP/Projects/gati/[39mnode_modules/[4m.pnp
m[24m/@vitest+runner@1.6.1/node_modules/[4m@vitest[24m/runner/dist/index.js:909
:15[90m)[39m
    at runSuite [90m(file:///C:/Users/HP/Projects/gati/[39mnode_modules/[4m.pnp
m[24m/@vitest+runner@1.6.1/node_modules/[4m@vitest[24m/runner/dist/index.js:909
:15[90m)[39m
SQLiteTimelineStore failed to initialize, falling back to JSONTimelineStore: 
Error: better-sqlite3 is not installed. Please install it or use 
JSONTimelineStore.
    at new SQLiteTimelineStore [90m(C:\Users\HP\Projects\gati\[39mpackages\runti
me\src\timescape\timeline-store.ts:30:19[90m)[39m
    at 
[90mC:\Users\HP\Projects\gati\[39mpackages\runtime\src\global-context.ts:107:18
    at Module.createGlobalContext [90m(C:\Users\HP\Projects\gati\[39mpackages\ru
ntime\src\global-context.ts:112:7[90m)[39m
    at ContextManager.initializeGlobalContext [90m(C:\Users\HP\Projects\gati\[39
mpackages\runtime\src\context-manager.ts:41:17[90m)[39m
    at [90mC:\Users\HP\Projects\gati\[39mtests\unit\runtime\context-manager.test
.ts:152:28
    at runTest [90m(file:///C:/Users/HP/Projects/gati/[39mnode_modules/[4m.pnpm
[24m/@vitest+runner@1.6.1/node_modules/[4m@vitest[24m/runner/dist/index.js:781:
11[90m)[39m
    at runSuite [90m(file:///C:/Users/HP/Projects/gati/[39mnode_modules/[4m.pnp
m[24m/@vitest+runner@1.6.1/node_modules/[4m@vitest[24m/runner/dist/index.js:909
:15[90m)[39m
    at runSuite [90m(file:///C:/Users/HP/Projects/gati/[39mnode_modules/[4m.pnp
m[24m/@vitest+runner@1.6.1/node_modules/[4m@vitest[24m/runner/dist/index.js:909
:15[90m)[39m
    at runSuite [90m(file:///C:/Users/HP/Projects/gati/[39mnode_modules/[4m.pnp
m[24m/@vitest+runner@1.6.1/node_modules/[4m@vitest[24m/runner/dist/index.js:909
:15[90m)[39m
    at runFiles [90m(file:///C:/Users/HP/Projects/gati/[39mnode_modules/[4m.pnp
m[24m/@vitest+runner@1.6.1/node_modules/[4m@vitest[24m/runner/dist/index.js:958
:5[90m)[39m

[90mstderr[2m | tests/unit/runtime/context-manager.test.ts[2m > 
[22m[2mContextManager[2m > [22m[2mintegration[2m > [22m[2mshould handle 
full request lifecycle[22m[39m
SQLiteTimelineStore failed to initialize, falling back to JSONTimelineStore: 
Error: better-sqlite3 is not installed. Please install it or use 
JSONTimelineStore.
    at new SQLiteTimelineStore [90m(C:\Users\HP\Projects\gati\[39mpackages\runti
me\src\timescape\timeline-store.ts:30:19[90m)[39m
    at 
[90mC:\Users\HP\Projects\gati\[39mpackages\runtime\src\global-context.ts:107:18
    at Module.createGlobalContext [90m(C:\Users\HP\Projects\gati\[39mpackages\ru
ntime\src\global-context.ts:112:7[90m)[39m
    at ContextManager.initializeGlobalContext [90m(C:\Users\HP\Projects\gati\[39
mpackages\runtime\src\context-manager.ts:41:17[90m)[39m
    at [90mC:\Users\HP\Projects\gati\[39mtests\unit\runtime\context-manager.test
.ts:160:28
    at [90mfile:///C:/Users/HP/Projects/gati/[39mnode_modules/[4m.pnpm[24m/@vi
test+runner@1.6.1/node_modules/[4m@vitest[24m/runner/dist/index.js:135:14
    at [90mfile:///C:/Users/HP/Projects/gati/[39mnode_modules/[4m.pnpm[24m/@vi
test+runner@1.6.1/node_modules/[4m@vitest[24m/runner/dist/index.js:60:26
[90mstdout[2m | tests/unit/runtime/context-manager.test.ts[2m > [22m[2mContextManager[2m > [22m[2mshutdown[2m > [22m[2mshould allow re-initialization after shutdown[22m[39m
≡ƒ¢æ Executing shutdown sequence...
  ≡ƒôï Pre-shutdown phase...
  ≡ƒöä Main shutdown phase...
Γ£à Shutdown sequence completed

[90mstdout[2m | tests/unit/runtime/context-manager.test.ts[2m > [22m[2mContextManager[2m > [22m[2mintegration[2m > [22m[2mshould handle full request lifecycle[22m[39m
≡ƒ¢æ Executing shutdown sequence...
  ≡ƒôï Pre-shutdown phase...
  ≡ƒöä Main shutdown phase...
Γ£à Shutdown sequence completed

    at runTest [90m(file:///C:/Users/HP/Projects/gati/[39mnode_modules/[4m.pnpm
[24m/@vitest+runner@1.6.1/node_modules/[4m@vitest[24m/runner/dist/index.js:781:
17[90m)[39m
    at runSuite [90m(file:///C:/Users/HP/Projects/gati/[39mnode_modules/[4m.pnp
m[24m/@vitest+runner@1.6.1/node_modules/[4m@vitest[24m/runner/dist/index.js:909
:15[90m)[39m
    at runSuite [90m(file:///C:/Users/HP/Projects/gati/[39mnode_modules/[4m.pnp
m[24m/@vitest+runner@1.6.1/node_modules/[4m@vitest[24m/runner/dist/index.js:909
:15[90m)[39m

[90mstderr[2m | tests/unit/runtime/context-manager.test.ts[2m > 
[22m[2mContextManager[2m > [22m[2mintegration[2m > [22m[2mshould handle 
multiple requests with cleanup[22m[39m
SQLiteTimelineStore failed to initialize, falling back to JSONTimelineStore: 
Error: better-sqlite3 is not installed. Please install it or use 
JSONTimelineStore.
    at new SQLiteTimelineStore [90m(C:\Users\HP\Projects\gati\[39mpackages\runti
me\src\timescape\timeline-store.ts:30:19[90m)[39m
    at 
[90mC:\Users\HP\Projects\gati\[39mpackages\runtime\src\global-context.ts:107:18
    at Module.createGlobalContext [90m(C:\Users\HP\Projects\gati\[39mpackages\ru
ntime\src\global-context.ts:112:7[90m)[39m
    at ContextManager.initializeGlobalContext [90m(C:\Users\HP\Projects\gati\[39
mpackages\runtime\src\context-manager.ts:41:17[90m)[39m
    at [90mC:\Users\HP\Projects\gati\[39mtests\unit\runtime\context-manager.test
.ts:185:15
    at [90mfile:///C:/Users/HP/Projects/gati/[39mnode_modules/[4m.pnpm[24m/@vi
test+runner@1.6.1/node_modules/[4m@vitest[24m/runner/dist/index.js:135:14
    at [90mfile:///C:/Users/HP/Projects/gati/[39mnode_modules/[4m.pnpm[24m/@vi
test+runner@1.6.1/node_modules/[4m@vitest[24m/runner/dist/index.js:60:26
    at runTest [90m(file:///C:/Users/HP/Projects/gati/[39mnode_modules/[4m.pnpm
[24m/@vitest+runner@1.6.1/node_modules/[4m@vitest[24m/runner/dist/index.js:781:
17[90m)[39m
    at runSuite [90m(file:///C:/Users/HP/Projects/gati/[39mnode_modules/[4m.pnp
m[24m/@vitest+runner@1.6.1/node_modules/[4m@vitest[24m/runner/dist/index.js:909
:15[90m)[39m
    at runSuite [90m(file:///C:/Users/HP/Projects/gati/[39mnode_modules/[4m.pnp
m[24m/@vitest+runner@1.6.1/node_modules/[4m@vitest[24m/runner/dist/index.js:909
:15[90m)[39m

 [32mΓ£ô[39m tests/unit/runtime/context-manager.test.ts [2m ([22m[2m17 tests[22m[2m)[22m[90m 246[2mms[22m[39m
 [32mΓ£ô[39m tests/unit/playground.test.ts [2m ([22m[2m13 tests[22m[2m)[22m[90m 27[2mms[22m[39m
 [32mΓ£ô[39m tests/unit/cli/utils/watcher.test.ts [2m ([22m[2m7 tests[22m[2m)[22m[33m 2051[2mms[22m[39m
 [32mΓ£ô[39m tests/unit/cli/env-loader.test.ts [2m ([22m[2m9 tests[22m[2m)[22m[33m 306[2mms[22m[39m
 [32mΓ£ô[39m tests/unit/kubernetes-generator.test.ts [2m ([22m[2m7 tests[22m[2m)[22m[90m 80[2mms[22m[39m
 [32mΓ£ô[39m tests/unit/runtime/request.test.ts [2m ([22m[2m6 tests[22m[2m)[22m[90m 33[2mms[22m[39m
 [33mΓ¥»[39m tests/unit/cli/utils/bundler.test.ts [2m ([22m[2m9 tests[22m [2m|[22m [31m3 failed[39m[2m)[22m[33m 8821[2mms[22m[39m
[31m   [33mΓ¥»[31m tests/unit/cli/utils/bundler.test.ts[2m > [22mBundler Utility[2m > [22mshould capture TypeScript compilation errors[39m
[31m     ΓåÆ Test timed out in 5000ms.
If this is a long-running test, pass a timeout value as the last argument or configure it globally with "testTimeout".[39m
[31m     ΓåÆ EBUSY: resource busy or locked, rmdir 'C:\Users\HP\AppData\Local\Temp\gati-test-bundler-1763851462884'[39m
[31m   [33mΓ¥»[31m tests/unit/cli/utils/bundler.test.ts[2m > [22mBundler Utility[2m > [22mshould handle source map option[39m
[31m     ΓåÆ EBUSY: resource busy or locked, rmdir 'C:\Users\HP\AppData\Local\Temp\gati-test-bundler-1763851462884'[39m
[31m     ΓåÆ EBUSY: resource busy or locked, rmdir 'C:\Users\HP\AppData\Local\Temp\gati-test-bundler-1763851462884'[39m
[31m   [33mΓ¥»[31m tests/unit/cli/utils/bundler.test.ts[2m > [22mBundler Utility[2m > [22mshould handle minify option[39m
[31m     ΓåÆ EBUSY: resource busy or locked, rmdir 'C:\Users\HP\AppData\Local\Temp\gati-test-bundler-1763851462884'[39m
[31m     ΓåÆ EBUSY: resource busy or locked, rmdir 'C:\Users\HP\AppData\Local\Temp\gati-test-bundler-1763851462884'[39m
